################################################################################
#                                                                              #
#      IAR Universal Linker V6.5.4.100                                         #
#                                                                              #
#           Link time     =  09/Dec/2019  15:57:25                             #
#           Target CPU    =  MSP430                                            #
#           List file     =  C:\Users\83797\work\RTU\RTU-FREERTOS\Debug_Large_ #
#                            Data_Model\List\RTOSDemo.map                      #
#           Output file 1 =  C:\Users\83797\work\RTU\RTU-FREERTOS\Debug_Large_ #
#                            Data_Model\Exe\RTOSDemo.d43                       #
#                            Format: ubrof10                                   #
#                            UBROF version 10.0.6                              #
#                            Using library modules for C-SPY (-rt)             #
#           Command line  =  -f C:\Users\83797\AppData\Local\Temp\EWB4B1.tmp   #
#                            (C:\Users\83797\work\RTU\RTU-FREERTOS\Debug_Large #
#                            _Data_Model\Obj\adc10_a.r43                       #
#                            C:\Users\83797\work\RTU\RTU-FREERTOS\Debug_Large_ #
#                            Data_Model\Obj\adc12_a.r43                        #
#                            C:\Users\83797\work\RTU\RTU-FREERTOS\Debug_Large_ #
#                            Data_Model\Obj\aes.r43                            #
#                            C:\Users\83797\work\RTU\RTU-FREERTOS\Debug_Large_ #
#                            Data_Model\Obj\battbak.r43                        #
#                            C:\Users\83797\work\RTU\RTU-FREERTOS\Debug_Large_ #
#                            Data_Model\Obj\comp_b.r43                         #
#                            C:\Users\83797\work\RTU\RTU-FREERTOS\Debug_Large_ #
#                            Data_Model\Obj\comtest.r43                        #
#                            C:\Users\83797\work\RTU\RTU-FREERTOS\Debug_Large_ #
#                            Data_Model\Obj\crc.r43                            #
#                            C:\Users\83797\work\RTU\RTU-FREERTOS\Debug_Large_ #
#                            Data_Model\Obj\croutine.r43                       #
#                            C:\Users\83797\work\RTU\RTU-FREERTOS\Debug_Large_ #
#                            Data_Model\Obj\ctsd16.r43                         #
#                            C:\Users\83797\work\RTU\RTU-FREERTOS\Debug_Large_ #
#                            Data_Model\Obj\dac12_a.r43                        #
#                            C:\Users\83797\work\RTU\RTU-FREERTOS\Debug_Large_ #
#                            Data_Model\Obj\dma.r43                            #
#                            C:\Users\83797\work\RTU\RTU-FREERTOS\Debug_Large_ #
#                            Data_Model\Obj\dynamic.r43                        #
#                            C:\Users\83797\work\RTU\RTU-FREERTOS\Debug_Large_ #
#                            Data_Model\Obj\eusci_a_spi.r43                    #
#                            C:\Users\83797\work\RTU\RTU-FREERTOS\Debug_Large_ #
#                            Data_Model\Obj\eusci_a_uart.r43                   #
#                            C:\Users\83797\work\RTU\RTU-FREERTOS\Debug_Large_ #
#                            Data_Model\Obj\eusci_b_i2c.r43                    #
#                            C:\Users\83797\work\RTU\RTU-FREERTOS\Debug_Large_ #
#                            Data_Model\Obj\eusci_b_spi.r43                    #
#                            C:\Users\83797\work\RTU\RTU-FREERTOS\Debug_Large_ #
#                            Data_Model\Obj\event_groups.r43                   #
#                            C:\Users\83797\work\RTU\RTU-FREERTOS\Debug_Large_ #
#                            Data_Model\Obj\flashctl.r43                       #
#                            C:\Users\83797\work\RTU\RTU-FREERTOS\Debug_Large_ #
#                            Data_Model\Obj\GenQTest.r43                       #
#                            C:\Users\83797\work\RTU\RTU-FREERTOS\Debug_Large_ #
#                            Data_Model\Obj\gpio.r43                           #
#                            C:\Users\83797\work\RTU\RTU-FREERTOS\Debug_Large_ #
#                            Data_Model\Obj\hal_board.r43                      #
#                            C:\Users\83797\work\RTU\RTU-FREERTOS\Debug_Large_ #
#                            Data_Model\Obj\hal_buttons.r43                    #
#                            C:\Users\83797\work\RTU\RTU-FREERTOS\Debug_Large_ #
#                            Data_Model\Obj\hal_lcd.r43                        #
#                            C:\Users\83797\work\RTU\RTU-FREERTOS\Debug_Large_ #
#                            Data_Model\Obj\hal_lcd_fonts.r43                  #
#                            C:\Users\83797\work\RTU\RTU-FREERTOS\Debug_Large_ #
#                            Data_Model\Obj\HAL_PMM.r43                        #
#                            C:\Users\83797\work\RTU\RTU-FREERTOS\Debug_Large_ #
#                            Data_Model\Obj\hal_UCS.r43                        #
#                            C:\Users\83797\work\RTU\RTU-FREERTOS\Debug_Large_ #
#                            Data_Model\Obj\heap_1.r43                         #
#                            C:\Users\83797\work\RTU\RTU-FREERTOS\Debug_Large_ #
#                            Data_Model\Obj\lcd_b.r43                          #
#                            C:\Users\83797\work\RTU\RTU-FREERTOS\Debug_Large_ #
#                            Data_Model\Obj\lcd_c.r43                          #
#                            C:\Users\83797\work\RTU\RTU-FREERTOS\Debug_Large_ #
#                            Data_Model\Obj\ldopwr.r43                         #
#                            C:\Users\83797\work\RTU\RTU-FREERTOS\Debug_Large_ #
#                            Data_Model\Obj\led.r43                            #
#                            C:\Users\83797\work\RTU\RTU-FREERTOS\Debug_Large_ #
#                            Data_Model\Obj\list.r43                           #
#                            C:\Users\83797\work\RTU\RTU-FREERTOS\Debug_Large_ #
#                            Data_Model\Obj\low_level_init.r43                 #
#                            C:\Users\83797\work\RTU\RTU-FREERTOS\Debug_Large_ #
#                            Data_Model\Obj\main.r43                           #
#                            C:\Users\83797\work\RTU\RTU-FREERTOS\Debug_Large_ #
#                            Data_Model\Obj\mpy32.r43                          #
#                            C:\Users\83797\work\RTU\RTU-FREERTOS\Debug_Large_ #
#                            Data_Model\Obj\oa.r43                             #
#                            C:\Users\83797\work\RTU\RTU-FREERTOS\Debug_Large_ #
#                            Data_Model\Obj\ParTest.r43                        #
#                            C:\Users\83797\work\RTU\RTU-FREERTOS\Debug_Large_ #
#                            Data_Model\Obj\pmap.r43                           #
#                            C:\Users\83797\work\RTU\RTU-FREERTOS\Debug_Large_ #
#                            Data_Model\Obj\pmm.r43                            #
#                            C:\Users\83797\work\RTU\RTU-FREERTOS\Debug_Large_ #
#                            Data_Model\Obj\port.r43                           #
#                            C:\Users\83797\work\RTU\RTU-FREERTOS\Debug_Large_ #
#                            Data_Model\Obj\portext.r43                        #
#                            C:\Users\83797\work\RTU\RTU-FREERTOS\Debug_Large_ #
#                            Data_Model\Obj\queue.r43                          #
#                            C:\Users\83797\work\RTU\RTU-FREERTOS\Debug_Large_ #
#                            Data_Model\Obj\ram.r43                            #
#                            C:\Users\83797\work\RTU\RTU-FREERTOS\Debug_Large_ #
#                            Data_Model\Obj\ref.r43                            #
#                            C:\Users\83797\work\RTU\RTU-FREERTOS\Debug_Large_ #
#                            Data_Model\Obj\rtc_a.r43                          #
#                            C:\Users\83797\work\RTU\RTU-FREERTOS\Debug_Large_ #
#                            Data_Model\Obj\rtc_b.r43                          #
#                            C:\Users\83797\work\RTU\RTU-FREERTOS\Debug_Large_ #
#                            Data_Model\Obj\rtc_c.r43                          #
#                            C:\Users\83797\work\RTU\RTU-FREERTOS\Debug_Large_ #
#                            Data_Model\Obj\RunTimeStatsConfig.r43             #
#                            C:\Users\83797\work\RTU\RTU-FREERTOS\Debug_Large_ #
#                            Data_Model\Obj\sd24_b.r43                         #
#                            C:\Users\83797\work\RTU\RTU-FREERTOS\Debug_Large_ #
#                            Data_Model\Obj\serial.r43                         #
#                            C:\Users\83797\work\RTU\RTU-FREERTOS\Debug_Large_ #
#                            Data_Model\Obj\sfr.r43                            #
#                            C:\Users\83797\work\RTU\RTU-FREERTOS\Debug_Large_ #
#                            Data_Model\Obj\stream_buffer.r43                  #
#                            C:\Users\83797\work\RTU\RTU-FREERTOS\Debug_Large_ #
#                            Data_Model\Obj\sysctl.r43                         #
#                            C:\Users\83797\work\RTU\RTU-FREERTOS\Debug_Large_ #
#                            Data_Model\Obj\tasks.r43                          #
#                            C:\Users\83797\work\RTU\RTU-FREERTOS\Debug_Large_ #
#                            Data_Model\Obj\tec.r43                            #
#                            C:\Users\83797\work\RTU\RTU-FREERTOS\Debug_Large_ #
#                            Data_Model\Obj\timer_a.r43                        #
#                            C:\Users\83797\work\RTU\RTU-FREERTOS\Debug_Large_ #
#                            Data_Model\Obj\timer_b.r43                        #
#                            C:\Users\83797\work\RTU\RTU-FREERTOS\Debug_Large_ #
#                            Data_Model\Obj\timer_d.r43                        #
#                            C:\Users\83797\work\RTU\RTU-FREERTOS\Debug_Large_ #
#                            Data_Model\Obj\timers.r43                         #
#                            C:\Users\83797\work\RTU\RTU-FREERTOS\Debug_Large_ #
#                            Data_Model\Obj\tlv.r43                            #
#                            C:\Users\83797\work\RTU\RTU-FREERTOS\Debug_Large_ #
#                            Data_Model\Obj\uart3.r43                          #
#                            C:\Users\83797\work\RTU\RTU-FREERTOS\Debug_Large_ #
#                            Data_Model\Obj\ucs.r43                            #
#                            C:\Users\83797\work\RTU\RTU-FREERTOS\Debug_Large_ #
#                            Data_Model\Obj\usci_a_spi.r43                     #
#                            C:\Users\83797\work\RTU\RTU-FREERTOS\Debug_Large_ #
#                            Data_Model\Obj\usci_a_uart.r43                    #
#                            C:\Users\83797\work\RTU\RTU-FREERTOS\Debug_Large_ #
#                            Data_Model\Obj\usci_b_i2c.r43                     #
#                            C:\Users\83797\work\RTU\RTU-FREERTOS\Debug_Large_ #
#                            Data_Model\Obj\usci_b_spi.r43                     #
#                            C:\Users\83797\work\RTU\RTU-FREERTOS\Debug_Large_ #
#                            Data_Model\Obj\wdt_a.r43                          #
#                            -o                                                #
#                            C:\Users\83797\work\RTU\RTU-FREERTOS\Debug_Large_ #
#                            Data_Model\Exe\RTOSDemo.d43                       #
#                            -l                                                #
#                            C:\Users\83797\work\RTU\RTU-FREERTOS\Debug_Large_ #
#                            Data_Model\List\RTOSDemo.map                      #
#                            -xms                                              #
#                            "-IC:\Program Files (x86)\IAR Systems\Embedded Wo #
#                            rkbench 8.0\430\LIB\"                             #
#                            -f                                                #
#                            "C:\Program Files (x86)\IAR Systems\Embedded Work #
#                            bench 8.0\430\config\linker\lnk430f5438a.xcl"     #
#                            (-cmsp430 -D?CPU30_OFFSET=2 -QCODE_I=CODE_ID      #
#                            -QTLS16_I=TLS16_ID -D__iar_HWMUL=4C0              #
#                            -Z(CONST)INFO=1800-19FF                           #
#                            -Z(CONST)INFOA=1980-19FF                          #
#                            -Z(CONST)INFOB=1900-197F                          #
#                            -Z(CONST)INFOC=1880-18FF                          #
#                            -Z(CONST)INFOD=1800-187F                          #
#                            -Z(DATA)DATA16_I,DATA16_Z,DATA16_N,TLS16_I=1C00-5 #
#                            BFF                                               #
#                            -Z(DATA)DATA16_HEAP+_DATA16_HEAP_SIZE             #
#                            -Z(DATA)CODE_I                                    #
#                            -Z(DATA)DATA20_I,DATA20_Z,DATA20_N,DATA20_HEAP+_D #
#                            ATA20_HEAP_SIZE                                   #
#                            -Z(DATA)CSTACK+_STACK_SIZE#                       #
#                            -Z(CONST)DATA16_C,DATA16_ID,TLS16_ID,DIFUNCT,CHEC #
#                            KSUM=5C00-FF7F                                    #
#                            -Z(CODE)CSTART,ISR_CODE,CODE16=5C00-FF7F          #
#                            -P(CODE)CODE=5C00-FF7F,10000-45BFF                #
#                            -Z(CONST)DATA20_C,DATA20_ID,CODE_ID=5C00-FF7F,100 #
#                            40-45BFF                                          #
#                            -Z(CODE)INTVEC=FF80-FFFF                          #
#                            -Z(CODE)RESET=FFFE-FFFF) -ww6=i -f                #
#                            "C:\Program Files (x86)\IAR Systems\Embedded Work #
#                            bench 8.0\430\config\linker\multiplier32.xcl"     #
#                            (-e?Mul8Hw=?Mul8 -e?Mul16Hw=?Mul16                #
#                            -e?Mul16to32uHw=?Mul16to32u                       #
#                            -e?Mul16to32sHw=?Mul16to32s -e?Mul32Hw32=?Mul32   #
#                            -e?Mul64Hw32=_Mul64i                              #
#                            -e?Mul32u32uto64iHw32=_Mul32u32uto64i             #
#                            -e?Mul32fHw32=_Mul32f                             #
#                            -e_Mul64fHw32Ptr=_Mul64fPtr) -D_STACK_SIZE=A0     #
#                            -rt                                               #
#                            "C:\Program Files (x86)\IAR Systems\Embedded Work #
#                            bench 8.0\430\lib\dlib\dl430xllff.r43"            #
#                            -e_PrintfSmall=_Printf -e_ScanfSmall=_Scanf       #
#                            -D_DATA16_HEAP_SIZE=4 -s __program_start          #
#                            -D_DATA20_HEAP_SIZE=4)                            #
#                                                                              #
#                           Copyright (C) 1987-2018 IAR Systems AB.            #
################################################################################





                ****************************************
                *                                      *
                *           CROSS REFERENCE            *
                *                                      *
                ****************************************

       Program entry at :           5C00  Relocatable, from module : ?cstart




                ****************************************
                *                                      *
                *            RUNTIME MODEL             *
                *                                      *
                ****************************************

  __Heap_Handler             = Basic
  __SystemLibrary            = DLib
  __code_model               = large
  __core                     = 430X
  __data_model               = large
  __dlib_file_descriptor     = 1
  __dlib_full_locale_support = 1
  __double_size              = 32
  __pic                      = no
  __reg_r4                   = free
  __reg_r5                   = free
  __rt_version               = 3

                ****************************************
                *                                      *
                *    AUTOMATIC SYMBOL REDIRECTIONS     *
                *                                      *
                ****************************************

                  There are no automatic symbol redirections.



                ****************************************
                *                                      *
                *              MODULE MAP              *
                *                                      *
                ****************************************


  DEFINED ABSOLUTE ENTRIES
    *************************************************************************

  DEFINED ABSOLUTE ENTRIES
  PROGRAM MODULE, NAME : ?ABS_ENTRY_MOD

Absolute parts
           ENTRY                   ADDRESS         REF BY
           =====                   =======         ======
           _DATA20_HEAP_SIZE       0004 
           _DATA16_HEAP_SIZE       0004 
           _STACK_SIZE             00A0 
           __iar_HWMUL             04C0 
           ?CPU30_OFFSET           0002 
    *************************************************************************

  FILE NAME : C:\Users\83797\work\RTU\RTU-FREERTOS\Debug_Large_Data_Model\Obj\adc10_a.r43
    *************************************************************************

  FILE NAME : C:\Users\83797\work\RTU\RTU-FREERTOS\Debug_Large_Data_Model\Obj\adc12_a.r43
    *************************************************************************

  FILE NAME : C:\Users\83797\work\RTU\RTU-FREERTOS\Debug_Large_Data_Model\Obj\aes.r43
    *************************************************************************

  FILE NAME : C:\Users\83797\work\RTU\RTU-FREERTOS\Debug_Large_Data_Model\Obj\battbak.r43
    *************************************************************************

  FILE NAME : C:\Users\83797\work\RTU\RTU-FREERTOS\Debug_Large_Data_Model\Obj\comp_b.r43
    *************************************************************************

  FILE NAME : C:\Users\83797\work\RTU\RTU-FREERTOS\Debug_Large_Data_Model\Obj\comtest.r43
    *************************************************************************

  FILE NAME : C:\Users\83797\work\RTU\RTU-FREERTOS\Debug_Large_Data_Model\Obj\crc.r43
    *************************************************************************

  FILE NAME : C:\Users\83797\work\RTU\RTU-FREERTOS\Debug_Large_Data_Model\Obj\croutine.r43
    *************************************************************************

  FILE NAME : C:\Users\83797\work\RTU\RTU-FREERTOS\Debug_Large_Data_Model\Obj\ctsd16.r43
    *************************************************************************

  FILE NAME : C:\Users\83797\work\RTU\RTU-FREERTOS\Debug_Large_Data_Model\Obj\dac12_a.r43
    *************************************************************************

  FILE NAME : C:\Users\83797\work\RTU\RTU-FREERTOS\Debug_Large_Data_Model\Obj\dma.r43
    *************************************************************************

  FILE NAME : C:\Users\83797\work\RTU\RTU-FREERTOS\Debug_Large_Data_Model\Obj\dynamic.r43
    *************************************************************************

  FILE NAME : C:\Users\83797\work\RTU\RTU-FREERTOS\Debug_Large_Data_Model\Obj\eusci_a_spi.r43
    *************************************************************************

  FILE NAME : C:\Users\83797\work\RTU\RTU-FREERTOS\Debug_Large_Data_Model\Obj\eusci_a_uart.r43
    *************************************************************************

  FILE NAME : C:\Users\83797\work\RTU\RTU-FREERTOS\Debug_Large_Data_Model\Obj\eusci_b_i2c.r43
    *************************************************************************

  FILE NAME : C:\Users\83797\work\RTU\RTU-FREERTOS\Debug_Large_Data_Model\Obj\eusci_b_spi.r43
    *************************************************************************

  FILE NAME : C:\Users\83797\work\RTU\RTU-FREERTOS\Debug_Large_Data_Model\Obj\event_groups.r43
    *************************************************************************

  FILE NAME : C:\Users\83797\work\RTU\RTU-FREERTOS\Debug_Large_Data_Model\Obj\flashctl.r43
    *************************************************************************

  FILE NAME : C:\Users\83797\work\RTU\RTU-FREERTOS\Debug_Large_Data_Model\Obj\GenQTest.r43
    *************************************************************************

  FILE NAME : C:\Users\83797\work\RTU\RTU-FREERTOS\Debug_Large_Data_Model\Obj\gpio.r43
  PROGRAM MODULE, NAME : gpio

  SEGMENTS IN THE MODULE
  ======================
DATA20_C
  Relative segment, address: 6688 - 66A3 (0x1c bytes), align: 1
  Segment part 2.             Intra module refs:   GPIO_setAsPeripheralModuleFunctionInputPin
           LOCAL                   ADDRESS         
           =====                   =======         
           GPIO_PORT_TO_BASE       6688 
    -------------------------------------------------------------------------
<CODE> 1 (was CODE)
  Relative segment, address: 6548 - 6575 (0x2e bytes), align: 1
  Segment part 6.
           ENTRY                   ADDRESS         REF BY
           =====                   =======         ======
           GPIO_setAsPeripheralModuleFunctionInputPin
                                   6548            main (main)

    *************************************************************************

  FILE NAME : C:\Users\83797\work\RTU\RTU-FREERTOS\Debug_Large_Data_Model\Obj\hal_board.r43
  PROGRAM MODULE, NAME : hal_board

  SEGMENTS IN THE MODULE
  ======================
DATA16_AN
  Relative segment, address: 0202 - 0203 (0x2 bytes), align: 0
  Segment part 1. ROOT        Intra module refs:   halBoardInit
           ENTRY                   ADDRESS         REF BY
           =====                   =======         ======
           _A_PAOUT_L              0202 
           LOCAL                   ADDRESS         
           =====                   =======         
           PAOUT                   0202 
           PAOUT_H                 0203 
           PAOUT_L                 0202 
    -------------------------------------------------------------------------
DATA16_AN
  Relative segment, address: 0204 - 0205 (0x2 bytes), align: 0
  Segment part 2. ROOT        Intra module refs:   halBoardInit
           ENTRY                   ADDRESS         REF BY
           =====                   =======         ======
           _A_PADIR_L              0204 
           LOCAL                   ADDRESS         
           =====                   =======         
           PADIR                   0204 
           PADIR_H                 0205 
           PADIR_L                 0204 
    -------------------------------------------------------------------------
DATA16_AN
  Relative segment, address: 020A - 020B (0x2 bytes), align: 0
  Segment part 3. ROOT        Intra module refs:   halBoardInit
           ENTRY                   ADDRESS         REF BY
           =====                   =======         ======
           _A_PASEL_L              020A 
           LOCAL                   ADDRESS         
           =====                   =======         
           PASEL                   020A 
           PASEL_H                 020B 
           PASEL_L                 020A 
    -------------------------------------------------------------------------
DATA16_AN
  Relative segment, address: 0222 - 0223 (0x2 bytes), align: 0
  Segment part 4. ROOT        Intra module refs:   halBoardInit
           ENTRY                   ADDRESS         REF BY
           =====                   =======         ======
           _A_PBOUT_L              0222 
           LOCAL                   ADDRESS         
           =====                   =======         
           PBOUT                   0222 
           PBOUT_H                 0223 
           PBOUT_L                 0222 
    -------------------------------------------------------------------------
DATA16_AN
  Relative segment, address: 0224 - 0225 (0x2 bytes), align: 0
  Segment part 5. ROOT        Intra module refs:   halBoardInit
           ENTRY                   ADDRESS         REF BY
           =====                   =======         ======
           _A_PBDIR_L              0224 
           LOCAL                   ADDRESS         
           =====                   =======         
           PBDIR                   0224 
           PBDIR_H                 0225 
           PBDIR_L                 0224 
    -------------------------------------------------------------------------
DATA16_AN
  Relative segment, address: 022A - 022B (0x2 bytes), align: 0
  Segment part 6. ROOT        Intra module refs:   halBoardInit
           ENTRY                   ADDRESS         REF BY
           =====                   =======         ======
           _A_PBSEL_L              022A 
           LOCAL                   ADDRESS         
           =====                   =======         
           PBSEL                   022A 
           PBSEL_H                 022B 
           PBSEL_L                 022A 
    -------------------------------------------------------------------------
DATA16_AN
  Relative segment, address: 0242 - 0243 (0x2 bytes), align: 0
  Segment part 7. ROOT        Intra module refs:   halBoardInit
           ENTRY                   ADDRESS         REF BY
           =====                   =======         ======
           _A_PCOUT_L              0242 
           LOCAL                   ADDRESS         
           =====                   =======         
           PCOUT                   0242 
           PCOUT_H                 0243 
           PCOUT_L                 0242 
    -------------------------------------------------------------------------
DATA16_AN
  Relative segment, address: 0244 - 0245 (0x2 bytes), align: 0
  Segment part 8. ROOT        Intra module refs:   halBoardInit
           ENTRY                   ADDRESS         REF BY
           =====                   =======         ======
           _A_PCDIR_L              0244 
           LOCAL                   ADDRESS         
           =====                   =======         
           PCDIR                   0244 
           PCDIR_H                 0245 
           PCDIR_L                 0244 
    -------------------------------------------------------------------------
DATA16_AN
  Relative segment, address: 024A - 024B (0x2 bytes), align: 0
  Segment part 9. ROOT        Intra module refs:   halBoardInit
           ENTRY                   ADDRESS         REF BY
           =====                   =======         ======
           _A_PCSEL_L              024A 
           LOCAL                   ADDRESS         
           =====                   =======         
           PCSEL                   024A 
           PCSEL_H                 024B 
           PCSEL_L                 024A 
    -------------------------------------------------------------------------
DATA16_AN
  Relative segment, address: 0262 - 0263 (0x2 bytes), align: 0
  Segment part 10. ROOT       Intra module refs:   halBoardInit
           ENTRY                   ADDRESS         REF BY
           =====                   =======         ======
           _A_PDOUT_L              0262 
           LOCAL                   ADDRESS         
           =====                   =======         
           PDOUT                   0262 
           PDOUT_H                 0263 
           PDOUT_L                 0262 
    -------------------------------------------------------------------------
DATA16_AN
  Relative segment, address: 0264 - 0265 (0x2 bytes), align: 0
  Segment part 11. ROOT       Intra module refs:   halBoardInit
           ENTRY                   ADDRESS         REF BY
           =====                   =======         ======
           _A_PDDIR_L              0264 
           LOCAL                   ADDRESS         
           =====                   =======         
           PDDIR                   0264 
           PDDIR_H                 0265 
           PDDIR_L                 0264 
    -------------------------------------------------------------------------
DATA16_AN
  Relative segment, address: 026A - 026B (0x2 bytes), align: 0
  Segment part 12. ROOT       Intra module refs:   halBoardInit
           ENTRY                   ADDRESS         REF BY
           =====                   =======         ======
           _A_PDSEL_L              026A 
           LOCAL                   ADDRESS         
           =====                   =======         
           PDSEL                   026A 
           PDSEL_H                 026B 
           PDSEL_L                 026A 
    -------------------------------------------------------------------------
DATA16_AN
  Relative segment, address: 0282 - 0283 (0x2 bytes), align: 0
  Segment part 13. ROOT       Intra module refs:   halBoardInit
           ENTRY                   ADDRESS         REF BY
           =====                   =======         ======
           _A_PEOUT_L              0282 
           LOCAL                   ADDRESS         
           =====                   =======         
           PEOUT                   0282 
           PEOUT_H                 0283 
           PEOUT_L                 0282 
    -------------------------------------------------------------------------
DATA16_AN
  Relative segment, address: 0284 - 0285 (0x2 bytes), align: 0
  Segment part 14. ROOT       Intra module refs:   halBoardInit
           ENTRY                   ADDRESS         REF BY
           =====                   =======         ======
           _A_PEDIR_L              0284 
           LOCAL                   ADDRESS         
           =====                   =======         
           PEDIR                   0284 
           PEDIR_H                 0285 
           PEDIR_L                 0284 
    -------------------------------------------------------------------------
DATA16_AN
  Relative segment, address: 028A - 028B (0x2 bytes), align: 0
  Segment part 15. ROOT       Intra module refs:   halBoardInit
           ENTRY                   ADDRESS         REF BY
           =====                   =======         ======
           _A_PESEL_L              028A 
           LOCAL                   ADDRESS         
           =====                   =======         
           PESEL                   028A 
           PESEL_H                 028B 
           PESEL_L                 028A 
    -------------------------------------------------------------------------
DATA16_AN
  Relative segment, address: 02A2 - 02A3 (0x2 bytes), align: 0
  Segment part 16. ROOT       Intra module refs:   halBoardInit
           ENTRY                   ADDRESS         REF BY
           =====                   =======         ======
           _A_PFOUT_L              02A2 
           LOCAL                   ADDRESS         
           =====                   =======         
           PFOUT                   02A2 
           PFOUT_H                 02A3 
           PFOUT_L                 02A2 
    -------------------------------------------------------------------------
DATA16_AN
  Relative segment, address: 02A4 - 02A5 (0x2 bytes), align: 0
  Segment part 17. ROOT       Intra module refs:   halBoardInit
           ENTRY                   ADDRESS         REF BY
           =====                   =======         ======
           _A_PFDIR_L              02A4 
           LOCAL                   ADDRESS         
           =====                   =======         
           PFDIR                   02A4 
           PFDIR_H                 02A5 
           PFDIR_L                 02A4 
    -------------------------------------------------------------------------
DATA16_AN
  Relative segment, address: 02AA - 02AB (0x2 bytes), align: 0
  Segment part 18. ROOT       Intra module refs:   halBoardInit
           ENTRY                   ADDRESS         REF BY
           =====                   =======         ======
           _A_PFSEL_L              02AA 
           LOCAL                   ADDRESS         
           =====                   =======         
           PFSEL                   02AA 
           PFSEL_H                 02AB 
           PFSEL_L                 02AA 
    -------------------------------------------------------------------------
DATA16_AN
  Relative segment, address: 0322 - 0323 (0x2 bytes), align: 0
  Segment part 19. ROOT       Intra module refs:   halBoardInit
           ENTRY                   ADDRESS         REF BY
           =====                   =======         ======
           _A_PJOUT_L              0322 
           LOCAL                   ADDRESS         
           =====                   =======         
           PJOUT                   0322 
           PJOUT_H                 0323 
           PJOUT_L                 0322 
    -------------------------------------------------------------------------
DATA16_AN
  Relative segment, address: 0324 - 0325 (0x2 bytes), align: 0
  Segment part 20. ROOT       Intra module refs:   halBoardInit
           ENTRY                   ADDRESS         REF BY
           =====                   =======         ======
           _A_PJDIR_L              0324 
           LOCAL                   ADDRESS         
           =====                   =======         
           PJDIR                   0324 
           PJDIR_H                 0325 
           PJDIR_L                 0324 
    -------------------------------------------------------------------------
<CODE> 1 (was CODE)
  Relative segment, address: 63C4 - 641B (0x58 bytes), align: 1
  Segment part 24.
           ENTRY                   ADDRESS         REF BY
           =====                   =======         ======
           halBoardInit            63C4            prvSetupHardware (main)

    *************************************************************************

  FILE NAME : C:\Users\83797\work\RTU\RTU-FREERTOS\Debug_Large_Data_Model\Obj\hal_buttons.r43
  PROGRAM MODULE, NAME : hal_buttons

  SEGMENTS IN THE MODULE
  ======================
DATA16_AN
  Relative segment, address: 0200 - 0201 (0x2 bytes), align: 0
  Segment part 1. ROOT 
           ENTRY                   ADDRESS         REF BY
           =====                   =======         ======
           _A_PAIN_L               0200 
           LOCAL                   ADDRESS         
           =====                   =======         
           PAIN                    0200 
           PAIN_H                  0201 
           PAIN_L                  0200 
    -------------------------------------------------------------------------
DATA16_AN
  Relative segment, address: 0206 - 0207 (0x2 bytes), align: 0
  Segment part 4. ROOT 
           ENTRY                   ADDRESS         REF BY
           =====                   =======         ======
           _A_PAREN_L              0206 
           LOCAL                   ADDRESS         
           =====                   =======         
           PAREN                   0206 
           PAREN_H                 0207 
           PAREN_L                 0206 
    -------------------------------------------------------------------------
DATA16_AN
  Relative segment, address: 0218 - 0219 (0x2 bytes), align: 0
  Segment part 6. ROOT 
           ENTRY                   ADDRESS         REF BY
           =====                   =======         ======
           _A_PAIES_L              0218 
           LOCAL                   ADDRESS         
           =====                   =======         
           PAIES                   0218 
           PAIES_H                 0219 
           PAIES_L                 0218 
    -------------------------------------------------------------------------
DATA16_AN
  Relative segment, address: 021A - 021B (0x2 bytes), align: 0
  Segment part 7. ROOT 
           ENTRY                   ADDRESS         REF BY
           =====                   =======         ======
           _A_PAIE_L               021A 
           LOCAL                   ADDRESS         
           =====                   =======         
           PAIE                    021A 
           PAIE_H                  021B 
           PAIE_L                  021A 
    -------------------------------------------------------------------------
DATA16_AN
  Relative segment, address: 021C - 021D (0x2 bytes), align: 0
  Segment part 8. ROOT 
           ENTRY                   ADDRESS         REF BY
           =====                   =======         ======
           _A_PAIFG_L              021C 
           LOCAL                   ADDRESS         
           =====                   =======         
           PAIFG                   021C 
           PAIFG_H                 021D 
           PAIFG_L                 021C 

    *************************************************************************

  FILE NAME : C:\Users\83797\work\RTU\RTU-FREERTOS\Debug_Large_Data_Model\Obj\hal_lcd.r43
  PROGRAM MODULE, NAME : hal_lcd

  SEGMENTS IN THE MODULE
  ======================
DATA16_AN
  Relative segment, address: 0340 - 0341 (0x2 bytes), align: 0
  Segment part 7. ROOT        Intra module refs:   vApplicationSetupTimerInterrupt (main)
           ENTRY                   ADDRESS         REF BY
           =====                   =======         ======
           TA0CTL                  0340 
    -------------------------------------------------------------------------
DATA16_AN
  Relative segment, address: 0348 - 0349 (0x2 bytes), align: 0
  Segment part 8. ROOT 
           ENTRY                   ADDRESS         REF BY
           =====                   =======         ======
           TA0CCTL3                0348 
    -------------------------------------------------------------------------
DATA16_AN
  Relative segment, address: 0352 - 0353 (0x2 bytes), align: 0
  Segment part 9. ROOT        Intra module refs:   vApplicationSetupTimerInterrupt (main)
           ENTRY                   ADDRESS         REF BY
           =====                   =======         ======
           TA0CCR0                 0352 
    -------------------------------------------------------------------------
DATA16_AN
  Relative segment, address: 0358 - 0359 (0x2 bytes), align: 0
  Segment part 10. ROOT 
           ENTRY                   ADDRESS         REF BY
           =====                   =======         ======
           TA0CCR3                 0358 
    -------------------------------------------------------------------------
DATA16_AN
  Relative segment, address: 0660 - 0661 (0x2 bytes), align: 0
  Segment part 11. ROOT 
           ENTRY                   ADDRESS         REF BY
           =====                   =======         ======
           _A_UCB2CTLW0_L          0660 
           LOCAL                   ADDRESS         
           =====                   =======         
           UCB2CTLW0               0660 
           UCB2CTLW0_H             0661 
           UCB2CTLW0_L             0660 
    -------------------------------------------------------------------------
DATA16_AN
  Relative segment, address: 0666 - 0667 (0x2 bytes), align: 0
  Segment part 12. ROOT 
           ENTRY                   ADDRESS         REF BY
           =====                   =======         ======
           _A_UCB2BRW_L            0666 
           LOCAL                   ADDRESS         
           =====                   =======         
           UCB2BRW                 0666 
           UCB2BRW_H               0667 
           UCB2BRW_L               0666 
    -------------------------------------------------------------------------
DATA16_AN
  Relative segment, address: 066A - 066A (0x1 bytes), align: 0
  Segment part 13. ROOT 
           ENTRY                   ADDRESS         REF BY
           =====                   =======         ======
           UCB2STAT                066A 
    -------------------------------------------------------------------------
DATA16_AN
  Relative segment, address: 066C - 066C (0x1 bytes), align: 0
  Segment part 14. ROOT 
           ENTRY                   ADDRESS         REF BY
           =====                   =======         ======
           UCB2RXBUF               066C 
    -------------------------------------------------------------------------
DATA16_AN
  Relative segment, address: 066E - 066E (0x1 bytes), align: 0
  Segment part 15. ROOT 
           ENTRY                   ADDRESS         REF BY
           =====                   =======         ======
           UCB2TXBUF               066E 
    -------------------------------------------------------------------------
DATA16_AN
  Relative segment, address: 067C - 067D (0x2 bytes), align: 0
  Segment part 16. ROOT 
           ENTRY                   ADDRESS         REF BY
           =====                   =======         ======
           _A_UCB2ICTL_L           067C 
           LOCAL                   ADDRESS         
           =====                   =======         
           UCB2ICTL                067C 
           UCB2ICTL_H              067D 
           UCB2ICTL_L              067C 

    *************************************************************************

  FILE NAME : C:\Users\83797\work\RTU\RTU-FREERTOS\Debug_Large_Data_Model\Obj\hal_lcd_fonts.r43
    *************************************************************************

  FILE NAME : C:\Users\83797\work\RTU\RTU-FREERTOS\Debug_Large_Data_Model\Obj\HAL_PMM.r43
  PROGRAM MODULE, NAME : HAL_PMM

  SEGMENTS IN THE MODULE
  ======================
DATA16_AN
  Relative segment, address: 0120 - 0121 (0x2 bytes), align: 0
  Segment part 1. ROOT 
           ENTRY                   ADDRESS         REF BY
           =====                   =======         ======
           _A_PMMCTL0_L            0120 
           LOCAL                   ADDRESS         
           =====                   =======         
           PMMCTL0                 0120 
           PMMCTL0_H               0121 
           PMMCTL0_L               0120 
    -------------------------------------------------------------------------
DATA16_AN
  Relative segment, address: 0124 - 0125 (0x2 bytes), align: 0
  Segment part 2. ROOT 
           ENTRY                   ADDRESS         REF BY
           =====                   =======         ======
           _A_SVSMHCTL_L           0124 
           LOCAL                   ADDRESS         
           =====                   =======         
           SVSMHCTL                0124 
           SVSMHCTL_H              0125 
           SVSMHCTL_L              0124 
    -------------------------------------------------------------------------
DATA16_AN
  Relative segment, address: 0126 - 0127 (0x2 bytes), align: 0
  Segment part 3. ROOT 
           ENTRY                   ADDRESS         REF BY
           =====                   =======         ======
           _A_SVSMLCTL_L           0126 
           LOCAL                   ADDRESS         
           =====                   =======         
           SVSMLCTL                0126 
           SVSMLCTL_H              0127 
           SVSMLCTL_L              0126 
    -------------------------------------------------------------------------
DATA16_AN
  Relative segment, address: 012C - 012D (0x2 bytes), align: 0
  Segment part 4. ROOT 
           ENTRY                   ADDRESS         REF BY
           =====                   =======         ======
           _A_PMMIFG_L             012C 
           LOCAL                   ADDRESS         
           =====                   =======         
           PMMIFG                  012C 
           PMMIFG_H                012D 
           PMMIFG_L                012C 
    -------------------------------------------------------------------------
DATA16_AN
  Relative segment, address: 012E - 012F (0x2 bytes), align: 0
  Segment part 5. ROOT 
           ENTRY                   ADDRESS         REF BY
           =====                   =======         ======
           _A_PMMRIE_L             012E 
           LOCAL                   ADDRESS         
           =====                   =======         
           PMMRIE                  012E 
           PMMRIE_H                012F 
           PMMRIE_L                012E 

    *************************************************************************

  FILE NAME : C:\Users\83797\work\RTU\RTU-FREERTOS\Debug_Large_Data_Model\Obj\hal_UCS.r43
  PROGRAM MODULE, NAME : hal_UCS

  SEGMENTS IN THE MODULE
  ======================
DATA16_AN
  Relative segment, address: 0102 - 0103 (0x2 bytes), align: 0
  Segment part 1. ROOT 
           ENTRY                   ADDRESS         REF BY
           =====                   =======         ======
           _A_SFRIFG1_L            0102 
           LOCAL                   ADDRESS         
           =====                   =======         
           SFRIFG1                 0102 
           SFRIFG1_H               0103 
           SFRIFG1_L               0102 
    -------------------------------------------------------------------------
DATA16_AN
  Relative segment, address: 0160 - 0161 (0x2 bytes), align: 0
  Segment part 2. ROOT 
           ENTRY                   ADDRESS         REF BY
           =====                   =======         ======
           _A_UCSCTL0_L            0160 
           LOCAL                   ADDRESS         
           =====                   =======         
           UCSCTL0                 0160 
           UCSCTL0_H               0161 
           UCSCTL0_L               0160 
    -------------------------------------------------------------------------
DATA16_AN
  Relative segment, address: 0162 - 0163 (0x2 bytes), align: 0
  Segment part 3. ROOT 
           ENTRY                   ADDRESS         REF BY
           =====                   =======         ======
           _A_UCSCTL1_L            0162 
           LOCAL                   ADDRESS         
           =====                   =======         
           UCSCTL1                 0162 
           UCSCTL1_H               0163 
           UCSCTL1_L               0162 
    -------------------------------------------------------------------------
DATA16_AN
  Relative segment, address: 0164 - 0165 (0x2 bytes), align: 0
  Segment part 4. ROOT 
           ENTRY                   ADDRESS         REF BY
           =====                   =======         ======
           _A_UCSCTL2_L            0164 
           LOCAL                   ADDRESS         
           =====                   =======         
           UCSCTL2                 0164 
           UCSCTL2_H               0165 
           UCSCTL2_L               0164 
    -------------------------------------------------------------------------
DATA16_AN
  Relative segment, address: 0168 - 0169 (0x2 bytes), align: 0
  Segment part 5. ROOT 
           ENTRY                   ADDRESS         REF BY
           =====                   =======         ======
           _A_UCSCTL4_L            0168 
           LOCAL                   ADDRESS         
           =====                   =======         
           UCSCTL4                 0168 
           UCSCTL4_H               0169 
           UCSCTL4_L               0168 
    -------------------------------------------------------------------------
DATA16_AN
  Relative segment, address: 016C - 016D (0x2 bytes), align: 0
  Segment part 6. ROOT 
           ENTRY                   ADDRESS         REF BY
           =====                   =======         ======
           _A_UCSCTL6_L            016C 
           LOCAL                   ADDRESS         
           =====                   =======         
           UCSCTL6                 016C 
           UCSCTL6_H               016D 
           UCSCTL6_L               016C 
    -------------------------------------------------------------------------
DATA16_AN
  Relative segment, address: 016E - 016F (0x2 bytes), align: 0
  Segment part 7. ROOT 
           ENTRY                   ADDRESS         REF BY
           =====                   =======         ======
           _A_UCSCTL7_L            016E 
           LOCAL                   ADDRESS         
           =====                   =======         
           UCSCTL7                 016E 
           UCSCTL7_H               016F 
           UCSCTL7_L               016E 

    *************************************************************************

  FILE NAME : C:\Users\83797\work\RTU\RTU-FREERTOS\Debug_Large_Data_Model\Obj\heap_1.r43
    *************************************************************************

  FILE NAME : C:\Users\83797\work\RTU\RTU-FREERTOS\Debug_Large_Data_Model\Obj\lcd_b.r43
    *************************************************************************

  FILE NAME : C:\Users\83797\work\RTU\RTU-FREERTOS\Debug_Large_Data_Model\Obj\lcd_c.r43
    *************************************************************************

  FILE NAME : C:\Users\83797\work\RTU\RTU-FREERTOS\Debug_Large_Data_Model\Obj\ldopwr.r43
    *************************************************************************

  FILE NAME : C:\Users\83797\work\RTU\RTU-FREERTOS\Debug_Large_Data_Model\Obj\led.r43
  PROGRAM MODULE, NAME : led

  SEGMENTS IN THE MODULE
  ======================

    *************************************************************************

  FILE NAME : C:\Users\83797\work\RTU\RTU-FREERTOS\Debug_Large_Data_Model\Obj\list.r43
  PROGRAM MODULE, NAME : list

  SEGMENTS IN THE MODULE
  ======================
<CODE> 1 (was CODE)
  Relative segment, address: 6576 - 659B (0x26 bytes), align: 1
  Segment part 4.
           ENTRY                   ADDRESS         REF BY
           =====                   =======         ======
           vListInsertEnd          6576            xTaskIncrementTick (tasks)
                                                   xTaskPriorityDisinherit (tasks)
                                                   xTaskRemoveFromEventList (tasks)
    -------------------------------------------------------------------------
<CODE> 1 (was CODE)
  Relative segment, address: 64A2 - 64DB (0x3a bytes), align: 1
  Segment part 6.
           ENTRY                   ADDRESS         REF BY
           =====                   =======         ======
           uxListRemove            64A2            xTaskIncrementTick (tasks)
                                                   xTaskPriorityDisinherit (tasks)
                                                   xTaskRemoveFromEventList (tasks)

    *************************************************************************

  FILE NAME : C:\Users\83797\work\RTU\RTU-FREERTOS\Debug_Large_Data_Model\Obj\low_level_init.r43
  PROGRAM MODULE, NAME : low_level_init

  SEGMENTS IN THE MODULE
  ======================
DATA16_AN
  Relative segment, address: 015C - 015D (0x2 bytes), align: 0
  Segment part 1. ROOT        Intra module refs:   __low_level_init
           ENTRY                   ADDRESS         REF BY
           =====                   =======         ======
           _A_WDTCTL_L             015C 
           LOCAL                   ADDRESS         
           =====                   =======         
           WDTCTL                  015C 
           WDTCTL_H                015D 
           WDTCTL_L                015C 
    -------------------------------------------------------------------------
<CODE> 1 (was CODE)
  Relative segment, address: 663E - 664B (0xe bytes), align: 1
  Segment part 3. ROOT 
           ENTRY                   ADDRESS         REF BY
           =====                   =======         ======
           __low_level_init        663E            ?cstart_call_low_level_init (?cstart)

    *************************************************************************

  FILE NAME : C:\Users\83797\work\RTU\RTU-FREERTOS\Debug_Large_Data_Model\Obj\main.r43
  PROGRAM MODULE, NAME : main

  SEGMENTS IN THE MODULE
  ======================
DATA16_AN
  Relative segment, address: 0342 - 0343 (0x2 bytes), align: 0
  Segment part 2. ROOT        Intra module refs:   vApplicationSetupTimerInterrupt
           ENTRY                   ADDRESS         REF BY
           =====                   =======         ======
           TA0CCTL0                0342 
    -------------------------------------------------------------------------
<CODE> 1 (was CODE)
  Relative segment, address: 60CC - 616B (0xa0 bytes), align: 1
  Segment part 7.
           ENTRY                   ADDRESS         REF BY
           =====                   =======         ======
           main                    60CC            Segment part 27 (?cstart)
               calls direct
    -------------------------------------------------------------------------
<CODE> 1 (was CODE)
  Relative segment, address: 6684 - 6685 (0x2 bytes), align: 1
  Segment part 8.
           ENTRY                   ADDRESS         REF BY
           =====                   =======         ======
           vApplicationTickHook    6684            xTaskIncrementTick (tasks)
    -------------------------------------------------------------------------
<CODE> 1 (was CODE)
  Relative segment, address: 664C - 6657 (0xc bytes), align: 1
  Segment part 6.             Intra module refs:   main
           LOCAL                   ADDRESS         
           =====                   =======         
           prvSetupHardware        664C 
               calls direct
    -------------------------------------------------------------------------
<CODE> 1 (was CODE)
  Relative segment, address: 6512 - 6547 (0x36 bytes), align: 1
  Segment part 9.
           ENTRY                   ADDRESS         REF BY
           =====                   =======         ======
           vApplicationSetupTimerInterrupt
                                   6512            vPortSetupTimerInterrupt (port)
               calls direct
    -------------------------------------------------------------------------
<CODE> 1 (was CODE)
  Relative segment, address: 6662 - 666B (0xa bytes), align: 1
  Segment part 12.
           ENTRY                   ADDRESS         REF BY
           =====                   =======         ======
           vApplicationStackOverflowHook
                                   6662            vTaskSwitchContext (tasks)

    *************************************************************************

  FILE NAME : C:\Users\83797\work\RTU\RTU-FREERTOS\Debug_Large_Data_Model\Obj\mpy32.r43
    *************************************************************************

  FILE NAME : C:\Users\83797\work\RTU\RTU-FREERTOS\Debug_Large_Data_Model\Obj\oa.r43
    *************************************************************************

  FILE NAME : C:\Users\83797\work\RTU\RTU-FREERTOS\Debug_Large_Data_Model\Obj\ParTest.r43
  PROGRAM MODULE, NAME : ParTest

  SEGMENTS IN THE MODULE
  ======================

    *************************************************************************

  FILE NAME : C:\Users\83797\work\RTU\RTU-FREERTOS\Debug_Large_Data_Model\Obj\pmap.r43
    *************************************************************************

  FILE NAME : C:\Users\83797\work\RTU\RTU-FREERTOS\Debug_Large_Data_Model\Obj\pmm.r43
    *************************************************************************

  FILE NAME : C:\Users\83797\work\RTU\RTU-FREERTOS\Debug_Large_Data_Model\Obj\port.r43
  PROGRAM MODULE, NAME : port

  SEGMENTS IN THE MODULE
  ======================
DATA20_I
  Relative segment, address: 1C00 - 1C01 (0x2 bytes), align: 1
  Segment part 3.
           ENTRY                   ADDRESS         REF BY
           =====                   =======         ======
           usCriticalNesting       1C00            Segment part 0 (portext)
    -------------------------------------------------------------------------
<CODE> 1 (was CODE)
  Relative segment, address: 667C - 667F (0x4 bytes), align: 1
  Segment part 7.
           ENTRY                   ADDRESS         REF BY
           =====                   =======         ======
           vPortSetupTimerInterrupt
                                   667C            Segment part 0 (portext)
               calls direct
    -------------------------------------------------------------------------
ISR_CODE
  Relative segment, address: 5C38 - 5C43 (0xc bytes), align: 1
  Segment part 8.             Intra module refs:   vTickISREntry::??INTVEC 108
           ENTRY                   ADDRESS         REF BY
           =====                   =======         ======
           vTickISREntry           5C38 
               interrupt function
               calls direct
    -------------------------------------------------------------------------
INTVEC
  Common segment, address: FF80 - FFED (0x6e bytes), align: 1
  Segment part 1. ROOT 
           ENTRY                   ADDRESS         REF BY
           =====                   =======         ======
           vTickISREntry::??INTVEC 108
                                   FFEC 
    -------------------------------------------------------------------------
DATA20_ID
  Relative segment, address: 66A4 - 66A5 (0x2 bytes), align: 1
  Segment part 4.             Intra module refs:   usCriticalNesting

    *************************************************************************

  FILE NAME : C:\Users\83797\work\RTU\RTU-FREERTOS\Debug_Large_Data_Model\Obj\portext.r43
  PROGRAM MODULE, NAME : portext

Absolute parts
           LOCAL                   ADDRESS         
           =====                   =======         
           __MSP430F5212__         0000 
  SEGMENTS IN THE MODULE
  ======================
<CODE> 1 (was CODE)
  Relative segment, address: 616C - 6207 (0x9c bytes), align: 1
  Segment part 0. ROOT 
           ENTRY                   ADDRESS         REF BY
           =====                   =======         ======
           vPortTickISR            616C            vTickISREntry (port)
           vPortYield              61AC            prvUSCI_A1_ISR (serial)
           xPortStartScheduler     61E8 
           LOCAL                   ADDRESS         
           =====                   =======         
           SkipContextSwitch       6190 

    *************************************************************************

  FILE NAME : C:\Users\83797\work\RTU\RTU-FREERTOS\Debug_Large_Data_Model\Obj\queue.r43
  PROGRAM MODULE, NAME : queue

  SEGMENTS IN THE MODULE
  ======================
<CODE> 1 (was CODE)
  Relative segment, address: 6366 - 63C3 (0x5e bytes), align: 1
  Segment part 11.
           ENTRY                   ADDRESS         REF BY
           =====                   =======         ======
           xQueueGenericSendFromISR
                                   6366            prvUSCI_A1_ISR (serial)
               calls direct
    -------------------------------------------------------------------------
<CODE> 1 (was CODE)
  Relative segment, address: 6308 - 6365 (0x5e bytes), align: 1
  Segment part 18.
           ENTRY                   ADDRESS         REF BY
           =====                   =======         ======
           xQueueReceiveFromISR    6308            prvUSCI_A1_ISR (serial)
               calls direct
    -------------------------------------------------------------------------
<CODE> 1 (was CODE)
  Relative segment, address: 6022 - 60CB (0xaa bytes), align: 1
  Segment part 7.             Intra module refs:   xQueueGenericSendFromISR
           LOCAL                   ADDRESS         
           =====                   =======         
           prvCopyDataToQueue      6022 
               calls direct
    -------------------------------------------------------------------------
<CODE> 1 (was CODE)
  Relative segment, address: 6464 - 64A1 (0x3e bytes), align: 1
  Segment part 13.            Intra module refs:   xQueueReceiveFromISR
           LOCAL                   ADDRESS         
           =====                   =======         
           prvCopyDataFromQueue    6464 
               calls direct

    *************************************************************************

  FILE NAME : C:\Users\83797\work\RTU\RTU-FREERTOS\Debug_Large_Data_Model\Obj\ram.r43
    *************************************************************************

  FILE NAME : C:\Users\83797\work\RTU\RTU-FREERTOS\Debug_Large_Data_Model\Obj\ref.r43
    *************************************************************************

  FILE NAME : C:\Users\83797\work\RTU\RTU-FREERTOS\Debug_Large_Data_Model\Obj\rtc_a.r43
    *************************************************************************

  FILE NAME : C:\Users\83797\work\RTU\RTU-FREERTOS\Debug_Large_Data_Model\Obj\rtc_b.r43
    *************************************************************************

  FILE NAME : C:\Users\83797\work\RTU\RTU-FREERTOS\Debug_Large_Data_Model\Obj\rtc_c.r43
    *************************************************************************

  FILE NAME : C:\Users\83797\work\RTU\RTU-FREERTOS\Debug_Large_Data_Model\Obj\RunTimeStatsConfig.r43
  PROGRAM MODULE, NAME : RunTimeStatsConfig

  SEGMENTS IN THE MODULE
  ======================
DATA16_AN
  Relative segment, address: 0380 - 0381 (0x2 bytes), align: 0
  Segment part 1. ROOT        Intra module refs:   vTaskSwitchContext (tasks)
           ENTRY                   ADDRESS         REF BY
           =====                   =======         ======
           TA1CTL                  0380 
    -------------------------------------------------------------------------
DATA16_AN
  Relative segment, address: 0382 - 0383 (0x2 bytes), align: 0
  Segment part 2. ROOT 
           ENTRY                   ADDRESS         REF BY
           =====                   =======         ======
           TA1CCTL0                0382 
    -------------------------------------------------------------------------
DATA20_Z
  Relative segment, address: 1C02 - 1C05 (0x4 bytes), align: 1
  Segment part 5.             Intra module refs:   prvRunTimeStatsOverflowISR
           ENTRY                   ADDRESS         REF BY
           =====                   =======         ======
           ulStatsOverflowCount    1C02            vTaskSwitchContext (tasks)
    -------------------------------------------------------------------------
ISR_CODE
  Relative segment, address: 5C44 - 5C51 (0xe bytes), align: 1
  Segment part 7.             Intra module refs:   prvRunTimeStatsOverflowISR::??INTVEC 98
           LOCAL                   ADDRESS         
           =====                   =======         
           prvRunTimeStatsOverflowISR
                                   5C44 
               interrupt function
    -------------------------------------------------------------------------
INTVEC
  Common segment, address: FF80 - FFE3 (0x64 bytes), align: 1
  Segment part 3. ROOT 
           LOCAL                   ADDRESS         
           =====                   =======         
           prvRunTimeStatsOverflowISR::??INTVEC 98
                                   FFE2 

    *************************************************************************

  FILE NAME : C:\Users\83797\work\RTU\RTU-FREERTOS\Debug_Large_Data_Model\Obj\sd24_b.r43
    *************************************************************************

  FILE NAME : C:\Users\83797\work\RTU\RTU-FREERTOS\Debug_Large_Data_Model\Obj\serial.r43
  PROGRAM MODULE, NAME : serial

  SEGMENTS IN THE MODULE
  ======================
DATA16_AN
  Relative segment, address: 0600 - 0601 (0x2 bytes), align: 0
  Segment part 1. ROOT 
           ENTRY                   ADDRESS         REF BY
           =====                   =======         ======
           _A_UCA1CTLW0_L          0600 
           LOCAL                   ADDRESS         
           =====                   =======         
           UCA1CTLW0               0600 
           UCA1CTLW0_H             0601 
           UCA1CTLW0_L             0600 
    -------------------------------------------------------------------------
DATA16_AN
  Relative segment, address: 0606 - 0607 (0x2 bytes), align: 0
  Segment part 2. ROOT 
           ENTRY                   ADDRESS         REF BY
           =====                   =======         ======
           _A_UCA1BRW_L            0606 
           LOCAL                   ADDRESS         
           =====                   =======         
           UCA1BRW                 0606 
           UCA1BRW_H               0607 
           UCA1BRW_L               0606 
    -------------------------------------------------------------------------
DATA16_AN
  Relative segment, address: 060A - 060A (0x1 bytes), align: 0
  Segment part 3. ROOT 
           ENTRY                   ADDRESS         REF BY
           =====                   =======         ======
           UCA1STAT                060A 
    -------------------------------------------------------------------------
DATA16_AN
  Relative segment, address: 060C - 060C (0x1 bytes), align: 0
  Segment part 4. ROOT        Intra module refs:   prvUSCI_A1_ISR
           ENTRY                   ADDRESS         REF BY
           =====                   =======         ======
           UCA1RXBUF               060C 
    -------------------------------------------------------------------------
DATA16_AN
  Relative segment, address: 060E - 060E (0x1 bytes), align: 0
  Segment part 5. ROOT        Intra module refs:   prvUSCI_A1_ISR
           ENTRY                   ADDRESS         REF BY
           =====                   =======         ======
           UCA1TXBUF               060E 
    -------------------------------------------------------------------------
DATA16_AN
  Relative segment, address: 061C - 061D (0x2 bytes), align: 0
  Segment part 6. ROOT        Intra module refs:   prvUSCI_A1_ISR
           ENTRY                   ADDRESS         REF BY
           =====                   =======         ======
           _A_UCA1ICTL_L           061C 
           LOCAL                   ADDRESS         
           =====                   =======         
           UCA1ICTL                061C 
           UCA1ICTL_H              061D 
           UCA1ICTL_L              061C 
    -------------------------------------------------------------------------
DATA20_Z
  Relative segment, address: 1C06 - 1C09 (0x4 bytes), align: 1
  Segment part 9.             Intra module refs:   prvUSCI_A1_ISR
           LOCAL                   ADDRESS         
           =====                   =======         
           xRxedChars              1C06 
    -------------------------------------------------------------------------
DATA20_Z
  Relative segment, address: 1C0A - 1C0D (0x4 bytes), align: 1
  Segment part 10.            Intra module refs:   prvUSCI_A1_ISR
           LOCAL                   ADDRESS         
           =====                   =======         
           xCharsForTx             1C0A 
    -------------------------------------------------------------------------
ISR_CODE
  Relative segment, address: 5C52 - 5CB5 (0x64 bytes), align: 1
  Segment part 14.            Intra module refs:   prvUSCI_A1_ISR::??INTVEC 92
           LOCAL                   ADDRESS         
           =====                   =======         
           prvUSCI_A1_ISR          5C52 
               interrupt function
               calls direct
    -------------------------------------------------------------------------
INTVEC
  Common segment, address: FF80 - FFDD (0x5e bytes), align: 1
  Segment part 7. ROOT 
           LOCAL                   ADDRESS         
           =====                   =======         
           prvUSCI_A1_ISR::??INTVEC 92
                                   FFDC 

    *************************************************************************

  FILE NAME : C:\Users\83797\work\RTU\RTU-FREERTOS\Debug_Large_Data_Model\Obj\sfr.r43
    *************************************************************************

  FILE NAME : C:\Users\83797\work\RTU\RTU-FREERTOS\Debug_Large_Data_Model\Obj\stream_buffer.r43
    *************************************************************************

  FILE NAME : C:\Users\83797\work\RTU\RTU-FREERTOS\Debug_Large_Data_Model\Obj\sysctl.r43
    *************************************************************************

  FILE NAME : C:\Users\83797\work\RTU\RTU-FREERTOS\Debug_Large_Data_Model\Obj\tasks.r43
  PROGRAM MODULE, NAME : tasks

  SEGMENTS IN THE MODULE
  ======================
DATA16_AN
  Relative segment, address: 0390 - 0391 (0x2 bytes), align: 0
  Segment part 2. ROOT        Intra module refs:   vTaskSwitchContext
           ENTRY                   ADDRESS         REF BY
           =====                   =======         ======
           TA1R                    0390 
    -------------------------------------------------------------------------
DATA20_Z
  Relative segment, address: 1C0E - 1C11 (0x4 bytes), align: 1
  Segment part 8.             Intra module refs:   vTaskSwitchContext
                                                   xTaskIncrementTick
                                                   xTaskRemoveFromEventList
           ENTRY                   ADDRESS         REF BY
           =====                   =======         ======
           pxCurrentTCB            1C0E            Segment part 0 (portext)
    -------------------------------------------------------------------------
DATA20_Z
  Relative segment, address: 1C12 - 1C6B (0x5a bytes), align: 1
  Segment part 9.             Intra module refs:   vTaskSwitchContext
                                                   xTaskIncrementTick
                                                   xTaskPriorityDisinherit
                                                   xTaskRemoveFromEventList
           LOCAL                   ADDRESS         
           =====                   =======         
           pxReadyTasksLists       1C12 
    -------------------------------------------------------------------------
DATA20_Z
  Relative segment, address: 1C6C - 1C6F (0x4 bytes), align: 1
  Segment part 12.            Intra module refs:   prvResetNextTaskUnblockTime
                                                   xTaskIncrementTick
           LOCAL                   ADDRESS         
           =====                   =======         
           pxDelayedTaskList       1C6C 
    -------------------------------------------------------------------------
DATA20_Z
  Relative segment, address: 1C70 - 1C73 (0x4 bytes), align: 1
  Segment part 13.            Intra module refs:   xTaskIncrementTick
           LOCAL                   ADDRESS         
           =====                   =======         
           pxOverflowDelayedTaskList
                                   1C70 
    -------------------------------------------------------------------------
DATA20_Z
  Relative segment, address: 1C74 - 1C85 (0x12 bytes), align: 1
  Segment part 14.            Intra module refs:   xTaskRemoveFromEventList
           LOCAL                   ADDRESS         
           =====                   =======         
           xPendingReadyList       1C74 
    -------------------------------------------------------------------------
DATA20_Z
  Relative segment, address: 1C86 - 1C89 (0x4 bytes), align: 1
  Segment part 17.            Intra module refs:   xTaskIncrementTick
           LOCAL                   ADDRESS         
           =====                   =======         
           xTickCount              1C86 
    -------------------------------------------------------------------------
DATA20_Z
  Relative segment, address: 1C8A - 1C8B (0x2 bytes), align: 1
  Segment part 18.            Intra module refs:   vTaskSwitchContext
                                                   xTaskIncrementTick
                                                   xTaskPriorityDisinherit
                                                   xTaskRemoveFromEventList
           LOCAL                   ADDRESS         
           =====                   =======         
           uxTopReadyPriority      1C8A 
    -------------------------------------------------------------------------
DATA20_Z
  Relative segment, address: 1C8C - 1C8D (0x2 bytes), align: 1
  Segment part 20.            Intra module refs:   xTaskIncrementTick
           LOCAL                   ADDRESS         
           =====                   =======         
           uxPendedTicks           1C8C 
    -------------------------------------------------------------------------
DATA20_Z
  Relative segment, address: 1C8E - 1C8F (0x2 bytes), align: 1
  Segment part 21.            Intra module refs:   vTaskSwitchContext
                                                   xTaskIncrementTick
                                                   xTaskRemoveFromEventList
           LOCAL                   ADDRESS         
           =====                   =======         
           xYieldPending           1C8E 
    -------------------------------------------------------------------------
DATA20_Z
  Relative segment, address: 1C90 - 1C91 (0x2 bytes), align: 1
  Segment part 22.            Intra module refs:   xTaskIncrementTick
           LOCAL                   ADDRESS         
           =====                   =======         
           xNumOfOverflows         1C90 
    -------------------------------------------------------------------------
DATA20_Z
  Relative segment, address: 1C92 - 1C95 (0x4 bytes), align: 1
  Segment part 24.            Intra module refs:   prvResetNextTaskUnblockTime
                                                   xTaskIncrementTick
           LOCAL                   ADDRESS         
           =====                   =======         
           xNextTaskUnblockTime    1C92 
    -------------------------------------------------------------------------
DATA20_Z
  Relative segment, address: 1C96 - 1C97 (0x2 bytes), align: 1
  Segment part 26.            Intra module refs:   vTaskSwitchContext
                                                   xTaskIncrementTick
                                                   xTaskRemoveFromEventList
           LOCAL                   ADDRESS         
           =====                   =======         
           uxSchedulerSuspended    1C96 
    -------------------------------------------------------------------------
DATA20_Z
  Relative segment, address: 1C98 - 1C9B (0x4 bytes), align: 1
  Segment part 27.            Intra module refs:   vTaskSwitchContext
           LOCAL                   ADDRESS         
           =====                   =======         
           ulTaskSwitchedInTime    1C98 
    -------------------------------------------------------------------------
DATA20_Z
  Relative segment, address: 1C9C - 1C9F (0x4 bytes), align: 1
  Segment part 28.            Intra module refs:   vTaskSwitchContext
           LOCAL                   ADDRESS         
           =====                   =======         
           ulTotalRunTime          1C9C 
    -------------------------------------------------------------------------
<CODE> 1 (was CODE)
  Relative segment, address: 5E20 - 5F57 (0x138 bytes), align: 1
  Segment part 55.
           ENTRY                   ADDRESS         REF BY
           =====                   =======         ======
           xTaskIncrementTick      5E20            Segment part 0 (portext)
               calls direct
    -------------------------------------------------------------------------
<CODE> 1 (was CODE)
  Relative segment, address: 5CB6 - 5E1F (0x16a bytes), align: 1
  Segment part 43.
           ENTRY                   ADDRESS         REF BY
           =====                   =======         ======
           vTaskSwitchContext      5CB6            Segment part 0 (portext)
               calls direct
    -------------------------------------------------------------------------
<CODE> 1 (was CODE)
  Relative segment, address: 6208 - 6289 (0x82 bytes), align: 1
  Segment part 58.
           ENTRY                   ADDRESS         REF BY
           =====                   =======         ======
           xTaskRemoveFromEventList
                                   6208            xQueueGenericSendFromISR (queue)
                                                   xQueueReceiveFromISR (queue)
               calls direct
    -------------------------------------------------------------------------
<CODE> 1 (was CODE)
  Relative segment, address: 64DC - 6511 (0x36 bytes), align: 1
  Segment part 33.            Intra module refs:   xTaskIncrementTick
           LOCAL                   ADDRESS         
           =====                   =======         
           prvResetNextTaskUnblockTime
                                   64DC 
    -------------------------------------------------------------------------
<CODE> 1 (was CODE)
  Relative segment, address: 628A - 6307 (0x7e bytes), align: 1
  Segment part 73.
           ENTRY                   ADDRESS         REF BY
           =====                   =======         ======
           xTaskPriorityDisinherit
                                   628A            prvCopyDataToQueue (queue)
               calls direct

    *************************************************************************

  FILE NAME : C:\Users\83797\work\RTU\RTU-FREERTOS\Debug_Large_Data_Model\Obj\tec.r43
    *************************************************************************

  FILE NAME : C:\Users\83797\work\RTU\RTU-FREERTOS\Debug_Large_Data_Model\Obj\timer_a.r43
    *************************************************************************

  FILE NAME : C:\Users\83797\work\RTU\RTU-FREERTOS\Debug_Large_Data_Model\Obj\timer_b.r43
    *************************************************************************

  FILE NAME : C:\Users\83797\work\RTU\RTU-FREERTOS\Debug_Large_Data_Model\Obj\timer_d.r43
    *************************************************************************

  FILE NAME : C:\Users\83797\work\RTU\RTU-FREERTOS\Debug_Large_Data_Model\Obj\timers.r43
    *************************************************************************

  FILE NAME : C:\Users\83797\work\RTU\RTU-FREERTOS\Debug_Large_Data_Model\Obj\tlv.r43
    *************************************************************************

  FILE NAME : C:\Users\83797\work\RTU\RTU-FREERTOS\Debug_Large_Data_Model\Obj\uart3.r43
    *************************************************************************

  FILE NAME : C:\Users\83797\work\RTU\RTU-FREERTOS\Debug_Large_Data_Model\Obj\ucs.r43
    *************************************************************************

  FILE NAME : C:\Users\83797\work\RTU\RTU-FREERTOS\Debug_Large_Data_Model\Obj\usci_a_spi.r43
    *************************************************************************

  FILE NAME : C:\Users\83797\work\RTU\RTU-FREERTOS\Debug_Large_Data_Model\Obj\usci_a_uart.r43
  PROGRAM MODULE, NAME : usci_a_uart

  SEGMENTS IN THE MODULE
  ======================
<CODE> 1 (was CODE)
  Relative segment, address: 5F58 - 6021 (0xca bytes), align: 1
  Segment part 2.
           ENTRY                   ADDRESS         REF BY
           =====                   =======         ======
           USCI_A_UART_init        5F58            main (main)
    -------------------------------------------------------------------------
<CODE> 1 (was CODE)
  Relative segment, address: 659C - 65BF (0x24 bytes), align: 1
  Segment part 3.
           ENTRY                   ADDRESS         REF BY
           =====                   =======         ======
           USCI_A_UART_transmitData
                                   659C            main (main)
    -------------------------------------------------------------------------
<CODE> 1 (was CODE)
  Relative segment, address: 6658 - 6661 (0xa bytes), align: 1
  Segment part 7.
           ENTRY                   ADDRESS         REF BY
           =====                   =======         ======
           USCI_A_UART_getInterruptStatus
                                   6658            main (main)
    -------------------------------------------------------------------------
<CODE> 1 (was CODE)
  Relative segment, address: 666C - 6673 (0x8 bytes), align: 1
  Segment part 9.
           ENTRY                   ADDRESS         REF BY
           =====                   =======         ======
           USCI_A_UART_enable      666C            main (main)
    -------------------------------------------------------------------------
<CODE> 1 (was CODE)
  Relative segment, address: 641C - 6463 (0x48 bytes), align: 1
  Segment part 15.
           ENTRY                   ADDRESS         REF BY
           =====                   =======         ======
           USCI_A_UART_transmitBreak
                                   641C            main (main)

    *************************************************************************

  FILE NAME : C:\Users\83797\work\RTU\RTU-FREERTOS\Debug_Large_Data_Model\Obj\usci_b_i2c.r43
    *************************************************************************

  FILE NAME : C:\Users\83797\work\RTU\RTU-FREERTOS\Debug_Large_Data_Model\Obj\usci_b_spi.r43
    *************************************************************************

  FILE NAME : C:\Users\83797\work\RTU\RTU-FREERTOS\Debug_Large_Data_Model\Obj\wdt_a.r43
  PROGRAM MODULE, NAME : wdt_a

  SEGMENTS IN THE MODULE
  ======================
<CODE> 1 (was CODE)
  Relative segment, address: 65C0 - 65DD (0x1e bytes), align: 1
  Segment part 2.
           ENTRY                   ADDRESS         REF BY
           =====                   =======         ======
           WDT_A_hold              65C0            main (main)
                                                   prvSetupHardware (main)

    *************************************************************************

  FILE NAME : C:\Program Files (x86)\IAR Systems\Embedded Workbench 8.0\430\lib\dlib\dl430xllff.r43
  LIBRARY MODULE, NAME : ?__dbg_break

  SEGMENTS IN THE MODULE
  ======================
<CODE> 1 (was CODE)
  Relative segment, address: 6686 - 6687 (0x2 bytes), align: 1
  Segment part 2.
           ENTRY                   ADDRESS         REF BY
           =====                   =======         ======
           __DebugBreak            6686            __exit (?__exit)

    -------------------------------------------------------------------------
  LIBRARY MODULE, NAME : ?__exit

  SEGMENTS IN THE MODULE
  ======================
<CODE> 1 (was CODE)
  Relative segment, address: 662A - 663D (0x14 bytes), align: 1
  Segment part 2.
           ENTRY                   ADDRESS         REF BY
           =====                   =======         ======
           __exit                  662A            Segment part 6 (?_exit)
                                                   _exit (?_exit)
               calls direct

    -------------------------------------------------------------------------
  LIBRARY MODULE, NAME : ?_exit

  SEGMENTS IN THE MODULE
  ======================
<CODE> 1 (was CODE)
  Relative segment, address: 6678, align: 1
  Segment part 0.
           ENTRY                   ADDRESS         REF BY
           =====                   =======         ======
           _exit                   6678            exit (?exit)
    -------------------------------------------------------------------------
<CODE> 1 (was CODE)
  Relative segment, address: 6678 - 667B (0x4 bytes), align: 1
  Segment part 6.             Intra module refs:   _exit

    -------------------------------------------------------------------------
  LIBRARY MODULE, NAME : ?cstart

  SEGMENTS IN THE MODULE
  ======================
CSTACK
  Relative segment, address: 5B60, align: 1
  Segment part 1.
    -------------------------------------------------------------------------
CODE_I
  Relative segment, address: 1C00, align: 1
  Segment part 5.
    -------------------------------------------------------------------------
CODE_ID
  Relative segment, address: 66A6, align: 1
  Segment part 6.
    -------------------------------------------------------------------------
DATA20_Z
  Relative segment, address: 1CA0, align: 1
  Segment part 7.
    -------------------------------------------------------------------------
DATA20_I
  Relative segment, address: 1C02, align: 1
  Segment part 8.
    -------------------------------------------------------------------------
DATA20_ID
  Relative segment, address: 66A6, align: 1
  Segment part 9.
    -------------------------------------------------------------------------
DATA20_C
  Relative segment, address: 66A4, align: 1
  Segment part 10.
    -------------------------------------------------------------------------
DATA20_N
  Relative segment, address: 1CA0, align: 1
  Segment part 12.
    -------------------------------------------------------------------------
CSTART
  Relative segment, address: 5C00 - 5C03 (0x4 bytes), align: 1
  Segment part 15.
           ENTRY                   ADDRESS         REF BY
           =====                   =======         ======
           __program_start         5C00            ?reset_vector (?reset_vector)
                                                   Absolute parts (?ABS_ENTRY_MOD)
           ?cstart_begin           5C00 
    -------------------------------------------------------------------------
CSTART
  Relative segment, address: 5C04 - 5C0B (0x8 bytes), align: 1
  Segment part 18.
           ENTRY                   ADDRESS         REF BY
           =====                   =======         ======
           ?cstart_call_low_level_init
                                   5C04            __low_level_init (low_level_init)
    -------------------------------------------------------------------------
CSTART
  Relative segment, address: 5C0C - 5C1B (0x10 bytes), align: 1
  Segment part 22.
           ENTRY                   ADDRESS         REF BY
           =====                   =======         ======
           ?cstart_init_zero20     5C0C            pxCurrentTCB (tasks)
                                                   pxDelayedTaskList (tasks)
                                                   pxOverflowDelayedTaskList (tasks)
                                                   pxReadyTasksLists (tasks)
                                                   ulStatsOverflowCount (RunTimeStatsConfig)
                                                   ulTaskSwitchedInTime (tasks)
                                                   ulTotalRunTime (tasks)
                                                   uxPendedTicks (tasks)
                                                   uxSchedulerSuspended (tasks)
                                                   uxTopReadyPriority (tasks)
                                                   xCharsForTx (serial)
                                                   xNextTaskUnblockTime (tasks)
                                                   xNumOfOverflows (tasks)
                                                   xPendingReadyList (tasks)
                                                   xRxedChars (serial)
                                                   xTickCount (tasks)
                                                   xYieldPending (tasks)
    -------------------------------------------------------------------------
CSTART
  Relative segment, address: 5C1C - 5C2F (0x14 bytes), align: 1
  Segment part 23.
           ENTRY                   ADDRESS         REF BY
           =====                   =======         ======
           ?cstart_init_copy20     5C1C            usCriticalNesting (port)
    -------------------------------------------------------------------------
CSTART
  Relative segment, address: 5C30 - 5C37 (0x8 bytes), align: 1
  Segment part 27.            Intra module refs:   ?cstart_call_low_level_init
                                                   Segment part 15
           ENTRY                   ADDRESS         REF BY
           =====                   =======         ======
           ?cstart_call_main       5C30 
           ?cstart_end             5C38 
    -------------------------------------------------------------------------
CODE_ID
  Relative segment, address: 66A6, align: 1
  Segment part 28.            Intra module refs:   Segment part 5

    -------------------------------------------------------------------------
  LIBRARY MODULE, NAME : ?reset_vector

  SEGMENTS IN THE MODULE
  ======================
RESET
  Relative segment, address: FFFE - FFFF (0x2 bytes), align: 1
  Segment part 0.
           ENTRY                   ADDRESS         REF BY
           =====                   =======         ======
           ?reset_vector           FFFE            Segment part 15 (?cstart)

    -------------------------------------------------------------------------
  LIBRARY MODULE, NAME : ?exit

  SEGMENTS IN THE MODULE
  ======================
<CODE> 1 (was CODE)
  Relative segment, address: 6674 - 6677 (0x4 bytes), align: 1
  Segment part 2.
           ENTRY                   ADDRESS         REF BY
           =====                   =======         ======
           exit                    6674            Segment part 27 (?cstart)
               calls direct

    -------------------------------------------------------------------------
  LIBRARY MODULE, NAME : ?DivMod816u

  SEGMENTS IN THE MODULE
  ======================
<CODE> 1 (was CODE)
  Relative segment, address: 65FA - 6611 (0x18 bytes), align: 1
  Segment part 1.
           ENTRY                   ADDRESS         REF BY
           =====                   =======         ======
           ?DivMod16u              65FA            vApplicationSetupTimerInterrupt (main)

    -------------------------------------------------------------------------
  LIBRARY MODULE, NAME : ?memcpy

  SEGMENTS IN THE MODULE
  ======================
<CODE> 1 (was CODE)
  Relative segment, address: 65DE - 65F9 (0x1c bytes), align: 1
  Segment part 2.
           ENTRY                   ADDRESS         REF BY
           =====                   =======         ======
           memcpy                  65DE            __data20_memcpy (?memzero)
                                                   prvCopyDataFromQueue (queue)
                                                   prvCopyDataToQueue (queue)

    -------------------------------------------------------------------------
  LIBRARY MODULE, NAME : ?memzero

  SEGMENTS IN THE MODULE
  ======================
<CODE> 1 (was CODE)
  Relative segment, address: 6612 - 6629 (0x18 bytes), align: 1
  Segment part 5.
           ENTRY                   ADDRESS         REF BY
           =====                   =======         ======
           __data20_memzero        6612            ?cstart_init_zero20 (?cstart)
    -------------------------------------------------------------------------
<CODE> 1 (was CODE)
  Relative segment, address: 6680 - 6683 (0x4 bytes), align: 1
  Segment part 6.
           ENTRY                   ADDRESS         REF BY
           =====                   =======         ======
           __data20_memcpy         6680            ?cstart_init_copy20 (?cstart)
               calls direct




                ****************************************
                *                                      *
                *      SEGMENTS IN ADDRESS ORDER       *
                *                                      *
                ****************************************


SEGMENT              SPACE    START ADDRESS   END ADDRESS     SIZE  TYPE  ALIGN
=======              =====    =============   ===========     ====  ====  =====
DATA16_AN                              0102 - 0103               2   rel    0
                                       0120 - 0121               2 
                                       0124 - 0127               4 
                                       012C - 012F               4 
                                       015C - 015D               2 
                                       0160 - 0165               6 
                                       0168 - 0169               2 
                                       016C - 016F               4 
                                       0200 - 0207               8 
                                       020A - 020B               2 
                                       0218 - 021D               6 
                                       0222 - 0225               4 
                                       022A - 022B               2 
                                       0242 - 0245               4 
                                       024A - 024B               2 
                                       0262 - 0265               4 
                                       026A - 026B               2 
                                       0282 - 0285               4 
                                       028A - 028B               2 
                                       02A2 - 02A5               4 
                                       02AA - 02AB               2 
                                       0322 - 0325               4 
                                       0340 - 0343               4 
                                       0348 - 0349               2 
                                       0352 - 0353               2 
                                       0358 - 0359               2 
                                       0380 - 0383               4 
                                       0390 - 0391               2 
                                       0600 - 0601               2 
                                       0606 - 0607               2 
                                       060A - 060A               1 
                                       060C - 060C               1 
                                       060E - 060E               1 
                                       061C - 061D               2 
                                       0660 - 0661               2 
                                       0666 - 0667               2 
                                       066A - 066A               1 
                                       066C - 066C               1 
                                       066E - 066E               1 
                                       067C - 067D               2 
CODE_I                                    1C00                       rel    1
DATA20_I                               1C00 - 1C01               2   rel    1
DATA20_Z                               1C02 - 1C9F              9E   rel    1
DATA20_N                                  1CA0                       rel    1
CSTACK                                 5B60 - 5BFF              A0   rel    1
CSTART                                 5C00 - 5C37              38   rel    1
ISR_CODE                               5C38 - 5CB5              7E   rel    1
<CODE> 1                               5CB6 - 6687             9D2   rel    1
DATA20_C                               6688 - 66A3              1C   rel    1
DATA20_ID                              66A4 - 66A5               2   rel    1
CODE_ID                                   66A6                       rel    1
INTVEC                                 FF80 - FFED              6E   com    1
RESET                                  FFFE - FFFF               2   rel    1

                ****************************************
                *                                      *
                *        END OF CROSS REFERENCE        *
                *                                      *
                ****************************************

 2 808 bytes of CODE  memory
   320 bytes of DATA  memory (+ 110 absolute )
    30 bytes of CONST memory

Errors: none
Warnings: none

