################################################################################
#                                                                              #
#      IAR Universal Linker V6.5.1.95                                          #
#                                                                              #
#           Link time     =  11/Dec/2019  12:08:35                             #
#           Target CPU    =  MSP430                                            #
#           List file     =  C:\Users\waz\Desktop\新建文件夹\RTU-FREERTOS\Debu #
#                            g_Large_Data_Model\List\RTOSDemo.map              #
#           Output file 1 =  C:\Users\waz\Desktop\新建文件夹\RTU-FREERTOS\Debu #
#                            g_Large_Data_Model\Exe\RTOSDemo.d43               #
#                            Format: ubrof10                                   #
#                            UBROF version 10.0.6                              #
#                            Using library modules for C-SPY (-rt)             #
#           Command line  =  -f C:\Users\waz\AppData\Local\Temp\EWAE18.tmp     #
#                            (C:\Users\waz\Desktop\新建文件夹\RTU-FREERTOS\Deb #
#                            ug_Large_Data_Model\Obj\adc.r43                   #
#                            C:\Users\waz\Desktop\新建文件夹\RTU-FREERTOS\Debu #
#                            g_Large_Data_Model\Obj\adc10_a.r43                #
#                            C:\Users\waz\Desktop\新建文件夹\RTU-FREERTOS\Debu #
#                            g_Large_Data_Model\Obj\adc12_a.r43                #
#                            C:\Users\waz\Desktop\新建文件夹\RTU-FREERTOS\Debu #
#                            g_Large_Data_Model\Obj\aes.r43                    #
#                            C:\Users\waz\Desktop\新建文件夹\RTU-FREERTOS\Debu #
#                            g_Large_Data_Model\Obj\battbak.r43                #
#                            C:\Users\waz\Desktop\新建文件夹\RTU-FREERTOS\Debu #
#                            g_Large_Data_Model\Obj\BC95.r43                   #
#                            C:\Users\waz\Desktop\新建文件夹\RTU-FREERTOS\Debu #
#                            g_Large_Data_Model\Obj\BLE_Task.r43               #
#                            C:\Users\waz\Desktop\新建文件夹\RTU-FREERTOS\Debu #
#                            g_Large_Data_Model\Obj\blueTooth.r43              #
#                            C:\Users\waz\Desktop\新建文件夹\RTU-FREERTOS\Debu #
#                            g_Large_Data_Model\Obj\common.r43                 #
#                            C:\Users\waz\Desktop\新建文件夹\RTU-FREERTOS\Debu #
#                            g_Large_Data_Model\Obj\comp_b.r43                 #
#                            C:\Users\waz\Desktop\新建文件夹\RTU-FREERTOS\Debu #
#                            g_Large_Data_Model\Obj\comtest.r43                #
#                            C:\Users\waz\Desktop\新建文件夹\RTU-FREERTOS\Debu #
#                            g_Large_Data_Model\Obj\Console.r43                #
#                            C:\Users\waz\Desktop\新建文件夹\RTU-FREERTOS\Debu #
#                            g_Large_Data_Model\Obj\crc.r43                    #
#                            C:\Users\waz\Desktop\新建文件夹\RTU-FREERTOS\Debu #
#                            g_Large_Data_Model\Obj\croutine.r43               #
#                            C:\Users\waz\Desktop\新建文件夹\RTU-FREERTOS\Debu #
#                            g_Large_Data_Model\Obj\ctsd16.r43                 #
#                            C:\Users\waz\Desktop\新建文件夹\RTU-FREERTOS\Debu #
#                            g_Large_Data_Model\Obj\dac12_a.r43                #
#                            C:\Users\waz\Desktop\新建文件夹\RTU-FREERTOS\Debu #
#                            g_Large_Data_Model\Obj\debug.r43                  #
#                            C:\Users\waz\Desktop\新建文件夹\RTU-FREERTOS\Debu #
#                            g_Large_Data_Model\Obj\dma.r43                    #
#                            C:\Users\waz\Desktop\新建文件夹\RTU-FREERTOS\Debu #
#                            g_Large_Data_Model\Obj\dtu.r43                    #
#                            C:\Users\waz\Desktop\新建文件夹\RTU-FREERTOS\Debu #
#                            g_Large_Data_Model\Obj\dynamic.r43                #
#                            C:\Users\waz\Desktop\新建文件夹\RTU-FREERTOS\Debu #
#                            g_Large_Data_Model\Obj\eusci_a_spi.r43            #
#                            C:\Users\waz\Desktop\新建文件夹\RTU-FREERTOS\Debu #
#                            g_Large_Data_Model\Obj\eusci_a_uart.r43           #
#                            C:\Users\waz\Desktop\新建文件夹\RTU-FREERTOS\Debu #
#                            g_Large_Data_Model\Obj\eusci_b_i2c.r43            #
#                            C:\Users\waz\Desktop\新建文件夹\RTU-FREERTOS\Debu #
#                            g_Large_Data_Model\Obj\eusci_b_spi.r43            #
#                            C:\Users\waz\Desktop\新建文件夹\RTU-FREERTOS\Debu #
#                            g_Large_Data_Model\Obj\event_groups.r43           #
#                            C:\Users\waz\Desktop\新建文件夹\RTU-FREERTOS\Debu #
#                            g_Large_Data_Model\Obj\flash.r43                  #
#                            C:\Users\waz\Desktop\新建文件夹\RTU-FREERTOS\Debu #
#                            g_Large_Data_Model\Obj\flashctl.r43               #
#                            C:\Users\waz\Desktop\新建文件夹\RTU-FREERTOS\Debu #
#                            g_Large_Data_Model\Obj\flow.r43                   #
#                            C:\Users\waz\Desktop\新建文件夹\RTU-FREERTOS\Debu #
#                            g_Large_Data_Model\Obj\GenQTest.r43               #
#                            C:\Users\waz\Desktop\新建文件夹\RTU-FREERTOS\Debu #
#                            g_Large_Data_Model\Obj\gpio.r43                   #
#                            C:\Users\waz\Desktop\新建文件夹\RTU-FREERTOS\Debu #
#                            g_Large_Data_Model\Obj\GSM.r43                    #
#                            C:\Users\waz\Desktop\新建文件夹\RTU-FREERTOS\Debu #
#                            g_Large_Data_Model\Obj\GTM900C.r43                #
#                            C:\Users\waz\Desktop\新建文件夹\RTU-FREERTOS\Debu #
#                            g_Large_Data_Model\Obj\hal_board.r43              #
#                            C:\Users\waz\Desktop\新建文件夹\RTU-FREERTOS\Debu #
#                            g_Large_Data_Model\Obj\hal_buttons.r43            #
#                            C:\Users\waz\Desktop\新建文件夹\RTU-FREERTOS\Debu #
#                            g_Large_Data_Model\Obj\hal_lcd.r43                #
#                            C:\Users\waz\Desktop\新建文件夹\RTU-FREERTOS\Debu #
#                            g_Large_Data_Model\Obj\hal_lcd_fonts.r43          #
#                            C:\Users\waz\Desktop\新建文件夹\RTU-FREERTOS\Debu #
#                            g_Large_Data_Model\Obj\HAL_PMM.r43                #
#                            C:\Users\waz\Desktop\新建文件夹\RTU-FREERTOS\Debu #
#                            g_Large_Data_Model\Obj\hal_UCS.r43                #
#                            C:\Users\waz\Desktop\新建文件夹\RTU-FREERTOS\Debu #
#                            g_Large_Data_Model\Obj\heap_4.r43                 #
#                            C:\Users\waz\Desktop\新建文件夹\RTU-FREERTOS\Debu #
#                            g_Large_Data_Model\Obj\hydrologycommand.r43       #
#                            C:\Users\waz\Desktop\新建文件夹\RTU-FREERTOS\Debu #
#                            g_Large_Data_Model\Obj\hydrologytask.r43          #
#                            C:\Users\waz\Desktop\新建文件夹\RTU-FREERTOS\Debu #
#                            g_Large_Data_Model\Obj\ioDev.r43                  #
#                            C:\Users\waz\Desktop\新建文件夹\RTU-FREERTOS\Debu #
#                            g_Large_Data_Model\Obj\lcd_b.r43                  #
#                            C:\Users\waz\Desktop\新建文件夹\RTU-FREERTOS\Debu #
#                            g_Large_Data_Model\Obj\lcd_c.r43                  #
#                            C:\Users\waz\Desktop\新建文件夹\RTU-FREERTOS\Debu #
#                            g_Large_Data_Model\Obj\ldopwr.r43                 #
#                            C:\Users\waz\Desktop\新建文件夹\RTU-FREERTOS\Debu #
#                            g_Large_Data_Model\Obj\led.r43                    #
#                            C:\Users\waz\Desktop\新建文件夹\RTU-FREERTOS\Debu #
#                            g_Large_Data_Model\Obj\list.r43                   #
#                            C:\Users\waz\Desktop\新建文件夹\RTU-FREERTOS\Debu #
#                            g_Large_Data_Model\Obj\low_level_init.r43         #
#                            C:\Users\waz\Desktop\新建文件夹\RTU-FREERTOS\Debu #
#                            g_Large_Data_Model\Obj\main.r43                   #
#                            C:\Users\waz\Desktop\新建文件夹\RTU-FREERTOS\Debu #
#                            g_Large_Data_Model\Obj\message.r43                #
#                            C:\Users\waz\Desktop\新建文件夹\RTU-FREERTOS\Debu #
#                            g_Large_Data_Model\Obj\mpy32.r43                  #
#                            C:\Users\waz\Desktop\新建文件夹\RTU-FREERTOS\Debu #
#                            g_Large_Data_Model\Obj\oa.r43                     #
#                            C:\Users\waz\Desktop\新建文件夹\RTU-FREERTOS\Debu #
#                            g_Large_Data_Model\Obj\packet.r43                 #
#                            C:\Users\waz\Desktop\新建文件夹\RTU-FREERTOS\Debu #
#                            g_Large_Data_Model\Obj\ParTest.r43                #
#                            C:\Users\waz\Desktop\新建文件夹\RTU-FREERTOS\Debu #
#                            g_Large_Data_Model\Obj\pmap.r43                   #
#                            C:\Users\waz\Desktop\新建文件夹\RTU-FREERTOS\Debu #
#                            g_Large_Data_Model\Obj\pmm.r43                    #
#                            C:\Users\waz\Desktop\新建文件夹\RTU-FREERTOS\Debu #
#                            g_Large_Data_Model\Obj\port.r43                   #
#                            C:\Users\waz\Desktop\新建文件夹\RTU-FREERTOS\Debu #
#                            g_Large_Data_Model\Obj\portext.r43                #
#                            C:\Users\waz\Desktop\新建文件夹\RTU-FREERTOS\Debu #
#                            g_Large_Data_Model\Obj\queue.r43                  #
#                            C:\Users\waz\Desktop\新建文件夹\RTU-FREERTOS\Debu #
#                            g_Large_Data_Model\Obj\ram.r43                    #
#                            C:\Users\waz\Desktop\新建文件夹\RTU-FREERTOS\Debu #
#                            g_Large_Data_Model\Obj\ref.r43                    #
#                            "C:\Users\waz\Desktop\新建文件夹\RTU-FREERTOS\Deb #
#                            ug_Large_Data_Model\Obj\reportbinding .r43"       #
#                            C:\Users\waz\Desktop\新建文件夹\RTU-FREERTOS\Debu #
#                            g_Large_Data_Model\Obj\rom.r43                    #
#                            C:\Users\waz\Desktop\新建文件夹\RTU-FREERTOS\Debu #
#                            g_Large_Data_Model\Obj\rtc.r43                    #
#                            C:\Users\waz\Desktop\新建文件夹\RTU-FREERTOS\Debu #
#                            g_Large_Data_Model\Obj\rtc_a.r43                  #
#                            C:\Users\waz\Desktop\新建文件夹\RTU-FREERTOS\Debu #
#                            g_Large_Data_Model\Obj\rtc_b.r43                  #
#                            C:\Users\waz\Desktop\新建文件夹\RTU-FREERTOS\Debu #
#                            g_Large_Data_Model\Obj\rtc_c.r43                  #
#                            C:\Users\waz\Desktop\新建文件夹\RTU-FREERTOS\Debu #
#                            g_Large_Data_Model\Obj\RunTimeStatsConfig.r43     #
#                            C:\Users\waz\Desktop\新建文件夹\RTU-FREERTOS\Debu #
#                            g_Large_Data_Model\Obj\Sampler.r43                #
#                            C:\Users\waz\Desktop\新建文件夹\RTU-FREERTOS\Debu #
#                            g_Large_Data_Model\Obj\sd24_b.r43                 #
#                            C:\Users\waz\Desktop\新建文件夹\RTU-FREERTOS\Debu #
#                            g_Large_Data_Model\Obj\serial.r43                 #
#                            C:\Users\waz\Desktop\新建文件夹\RTU-FREERTOS\Debu #
#                            g_Large_Data_Model\Obj\sfr.r43                    #
#                            C:\Users\waz\Desktop\新建文件夹\RTU-FREERTOS\Debu #
#                            g_Large_Data_Model\Obj\store.r43                  #
#                            C:\Users\waz\Desktop\新建文件夹\RTU-FREERTOS\Debu #
#                            g_Large_Data_Model\Obj\stream_buffer.r43          #
#                            C:\Users\waz\Desktop\新建文件夹\RTU-FREERTOS\Debu #
#                            g_Large_Data_Model\Obj\sysctl.r43                 #
#                            C:\Users\waz\Desktop\新建文件夹\RTU-FREERTOS\Debu #
#                            g_Large_Data_Model\Obj\tasks.r43                  #
#                            C:\Users\waz\Desktop\新建文件夹\RTU-FREERTOS\Debu #
#                            g_Large_Data_Model\Obj\tec.r43                    #
#                            C:\Users\waz\Desktop\新建文件夹\RTU-FREERTOS\Debu #
#                            g_Large_Data_Model\Obj\timer.r43                  #
#                            C:\Users\waz\Desktop\新建文件夹\RTU-FREERTOS\Debu #
#                            g_Large_Data_Model\Obj\timer_a.r43                #
#                            C:\Users\waz\Desktop\新建文件夹\RTU-FREERTOS\Debu #
#                            g_Large_Data_Model\Obj\timer_b.r43                #
#                            C:\Users\waz\Desktop\新建文件夹\RTU-FREERTOS\Debu #
#                            g_Large_Data_Model\Obj\timer_d.r43                #
#                            C:\Users\waz\Desktop\新建文件夹\RTU-FREERTOS\Debu #
#                            g_Large_Data_Model\Obj\timers.r43                 #
#                            C:\Users\waz\Desktop\新建文件夹\RTU-FREERTOS\Debu #
#                            g_Large_Data_Model\Obj\tlv.r43                    #
#                            C:\Users\waz\Desktop\新建文件夹\RTU-FREERTOS\Debu #
#                            g_Large_Data_Model\Obj\uart0.r43                  #
#                            C:\Users\waz\Desktop\新建文件夹\RTU-FREERTOS\Debu #
#                            g_Large_Data_Model\Obj\uart1.r43                  #
#                            C:\Users\waz\Desktop\新建文件夹\RTU-FREERTOS\Debu #
#                            g_Large_Data_Model\Obj\uart2.r43                  #
#                            C:\Users\waz\Desktop\新建文件夹\RTU-FREERTOS\Debu #
#                            g_Large_Data_Model\Obj\uart3.r43                  #
#                            C:\Users\waz\Desktop\新建文件夹\RTU-FREERTOS\Debu #
#                            g_Large_Data_Model\Obj\uart_config.r43            #
#                            C:\Users\waz\Desktop\新建文件夹\RTU-FREERTOS\Debu #
#                            g_Large_Data_Model\Obj\ucs.r43                    #
#                            C:\Users\waz\Desktop\新建文件夹\RTU-FREERTOS\Debu #
#                            g_Large_Data_Model\Obj\usci_a_spi.r43             #
#                            C:\Users\waz\Desktop\新建文件夹\RTU-FREERTOS\Debu #
#                            g_Large_Data_Model\Obj\usci_a_uart.r43            #
#                            C:\Users\waz\Desktop\新建文件夹\RTU-FREERTOS\Debu #
#                            g_Large_Data_Model\Obj\usci_b_i2c.r43             #
#                            C:\Users\waz\Desktop\新建文件夹\RTU-FREERTOS\Debu #
#                            g_Large_Data_Model\Obj\usci_b_spi.r43             #
#                            C:\Users\waz\Desktop\新建文件夹\RTU-FREERTOS\Debu #
#                            g_Large_Data_Model\Obj\wdt_a.r43                  #
#                            C:\Users\waz\Desktop\新建文件夹\RTU-FREERTOS\Debu #
#                            g_Large_Data_Model\Obj\wifi_config.r43            #
#                            -o                                                #
#                            C:\Users\waz\Desktop\新建文件夹\RTU-FREERTOS\Debu #
#                            g_Large_Data_Model\Exe\RTOSDemo.d43               #
#                            -l                                                #
#                            C:\Users\waz\Desktop\新建文件夹\RTU-FREERTOS\Debu #
#                            g_Large_Data_Model\List\RTOSDemo.map              #
#                            -xms -ID:\iar\430\LIB\ -f                         #
#                            D:\iar\430\config\linker\lnk430f5438a.xcl         #
#                            (-cmsp430 -D?CPU30_OFFSET=2 -QCODE_I=CODE_ID      #
#                            -QTLS16_I=TLS16_ID -D__iar_HWMUL=4C0              #
#                            -Z(CONST)INFO=1800-19FF                           #
#                            -Z(CONST)INFOA=1980-19FF                          #
#                            -Z(CONST)INFOB=1900-197F                          #
#                            -Z(CONST)INFOC=1880-18FF                          #
#                            -Z(CONST)INFOD=1800-187F                          #
#                            -Z(DATA)DATA16_I,DATA16_Z,DATA16_N,TLS16_I=1C00-5 #
#                            BFF                                               #
#                            -Z(DATA)DATA16_HEAP+_DATA16_HEAP_SIZE             #
#                            -Z(DATA)CODE_I                                    #
#                            -Z(DATA)DATA20_I,DATA20_Z,DATA20_N,DATA20_HEAP+_D #
#                            ATA20_HEAP_SIZE                                   #
#                            -Z(DATA)CSTACK+_STACK_SIZE#                       #
#                            -Z(CONST)DATA16_C,DATA16_ID,TLS16_ID,DIFUNCT,CHEC #
#                            KSUM=5C00-FF7F                                    #
#                            -Z(CODE)CSTART,ISR_CODE,CODE16=5C00-FF7F          #
#                            -P(CODE)CODE=5C00-FF7F,10000-45BFF                #
#                            -Z(CONST)DATA20_C,DATA20_ID,CODE_ID=5C00-FF7F,100 #
#                            40-45BFF                                          #
#                            -Z(CODE)INTVEC=FF80-FFFF                          #
#                            -Z(CODE)RESET=FFFE-FFFF) -ww6=i -f                #
#                            D:\iar\430\config\linker\multiplier32.xcl         #
#                            (-e?Mul8Hw=?Mul8 -e?Mul16Hw=?Mul16                #
#                            -e?Mul16to32uHw=?Mul16to32u                       #
#                            -e?Mul16to32sHw=?Mul16to32s -e?Mul32Hw32=?Mul32   #
#                            -e?Mul64Hw32=_Mul64i                              #
#                            -e?Mul32u32uto64iHw32=_Mul32u32uto64i             #
#                            -e?Mul32fHw32=_Mul32f                             #
#                            -e_Mul64fHw32Ptr=_Mul64fPtr) -D_STACK_SIZE=200    #
#                            -rt D:\iar\430\lib\dlib\dl430xllff.r43            #
#                            -e_PrintfSmall=_Printf -e_ScanfSmall=_Scanf       #
#                            -D_DATA16_HEAP_SIZE=800 -s __program_start        #
#                            -D_DATA20_HEAP_SIZE=50)                           #
#                                                                              #
#                           Copyright (C) 1987-2016 IAR Systems AB.            #
################################################################################





                ****************************************
                *                                      *
                *           CROSS REFERENCE            *
                *                                      *
                ****************************************

       Program entry at :           5C00  Relocatable, from module : ?cstart




                ****************************************
                *                                      *
                *            RUNTIME MODEL             *
                *                                      *
                ****************************************

  __Heap_Handler             = Basic
  __SystemLibrary            = DLib
  __code_model               = large
  __core                     = 430X
  __data_model               = large
  __dlib_file_descriptor     = 1
  __dlib_full_locale_support = 1
  __double_size              = 32
  __pic                      = no
  __reg_r4                   = free
  __reg_r5                   = free
  __rt_version               = 3

                ****************************************
                *                                      *
                *    AUTOMATIC SYMBOL REDIRECTIONS     *
                *                                      *
                ****************************************

                  There are no automatic symbol redirections.



                ****************************************
                *                                      *
                *              MODULE MAP              *
                *                                      *
                ****************************************


  DEFINED ABSOLUTE ENTRIES
    *************************************************************************

  DEFINED ABSOLUTE ENTRIES
  PROGRAM MODULE, NAME : ?ABS_ENTRY_MOD

Absolute parts
           ENTRY                   ADDRESS         REF BY
           =====                   =======         ======
           _DATA20_HEAP_SIZE       0050 
           _DATA16_HEAP_SIZE       0800 
           _STACK_SIZE             0200 
           __iar_HWMUL             04C0            ROM_WriteBytes (rom)
                                                   Segment part 1 (?Mul8Hw)
                                                   xQueueGenericCreate (queue)
                                                   xQueueGenericReset (queue)
           ?CPU30_OFFSET           0002 
    *************************************************************************

  FILE NAME : C:\Users\waz\Desktop\新建文件夹\RTU-FREERTOS\Debug_Large_Data_Model\Obj\adc.r43
  PROGRAM MODULE, NAME : adc

  SEGMENTS IN THE MODULE
  ======================
DATA16_AN
  Relative segment, address: 0700 - 0701 (0x2 bytes), align: 0
  Segment part 1. ROOT        Intra module refs:   ADC_Open
           ENTRY                   ADDRESS         REF BY
           =====                   =======         ======
           _A_ADC12CTL0_L          0700 
           LOCAL                   ADDRESS         
           =====                   =======         
           ADC12CTL0               0700 
           ADC12CTL0_H             0701 
           ADC12CTL0_L             0700 
    -------------------------------------------------------------------------
DATA16_AN
  Relative segment, address: 0702 - 0703 (0x2 bytes), align: 0
  Segment part 2. ROOT        Intra module refs:   ADC_Open
           ENTRY                   ADDRESS         REF BY
           =====                   =======         ======
           _A_ADC12CTL1_L          0702 
           LOCAL                   ADDRESS         
           =====                   =======         
           ADC12CTL1               0702 
           ADC12CTL1_H             0703 
           ADC12CTL1_L             0702 
    -------------------------------------------------------------------------
DATA16_AN
  Relative segment, address: 0720 - 0721 (0x2 bytes), align: 0
  Segment part 3. ROOT 
           ENTRY                   ADDRESS         REF BY
           =====                   =======         ======
           _A_ADC12MEM0_L          0720 
           LOCAL                   ADDRESS         
           =====                   =======         
           ADC12MEM0               0720 
           ADC12MEM0_H             0721 
           ADC12MEM0_L             0720 
    -------------------------------------------------------------------------
DATA16_AN
  Relative segment, address: 0722 - 0723 (0x2 bytes), align: 0
  Segment part 4. ROOT 
           ENTRY                   ADDRESS         REF BY
           =====                   =======         ======
           _A_ADC12MEM1_L          0722 
           LOCAL                   ADDRESS         
           =====                   =======         
           ADC12MEM1               0722 
           ADC12MEM1_H             0723 
           ADC12MEM1_L             0722 
    -------------------------------------------------------------------------
DATA16_AN
  Relative segment, address: 0724 - 0725 (0x2 bytes), align: 0
  Segment part 5. ROOT 
           ENTRY                   ADDRESS         REF BY
           =====                   =======         ======
           _A_ADC12MEM2_L          0724 
           LOCAL                   ADDRESS         
           =====                   =======         
           ADC12MEM2               0724 
           ADC12MEM2_H             0725 
           ADC12MEM2_L             0724 
    -------------------------------------------------------------------------
DATA16_AN
  Relative segment, address: 0726 - 0727 (0x2 bytes), align: 0
  Segment part 6. ROOT 
           ENTRY                   ADDRESS         REF BY
           =====                   =======         ======
           _A_ADC12MEM3_L          0726 
           LOCAL                   ADDRESS         
           =====                   =======         
           ADC12MEM3               0726 
           ADC12MEM3_H             0727 
           ADC12MEM3_L             0726 
    -------------------------------------------------------------------------
DATA16_AN
  Relative segment, address: 0728 - 0729 (0x2 bytes), align: 0
  Segment part 7. ROOT 
           ENTRY                   ADDRESS         REF BY
           =====                   =======         ======
           _A_ADC12MEM4_L          0728 
           LOCAL                   ADDRESS         
           =====                   =======         
           ADC12MEM4               0728 
           ADC12MEM4_H             0729 
           ADC12MEM4_L             0728 
    -------------------------------------------------------------------------
DATA16_AN
  Relative segment, address: 072A - 072B (0x2 bytes), align: 0
  Segment part 8. ROOT 
           ENTRY                   ADDRESS         REF BY
           =====                   =======         ======
           _A_ADC12MEM5_L          072A 
           LOCAL                   ADDRESS         
           =====                   =======         
           ADC12MEM5               072A 
           ADC12MEM5_H             072B 
           ADC12MEM5_L             072A 
    -------------------------------------------------------------------------
DATA16_AN
  Relative segment, address: 072C - 072D (0x2 bytes), align: 0
  Segment part 9. ROOT 
           ENTRY                   ADDRESS         REF BY
           =====                   =======         ======
           _A_ADC12MEM6_L          072C 
           LOCAL                   ADDRESS         
           =====                   =======         
           ADC12MEM6               072C 
           ADC12MEM6_H             072D 
           ADC12MEM6_L             072C 
    -------------------------------------------------------------------------
DATA16_AN
  Relative segment, address: 072E - 072F (0x2 bytes), align: 0
  Segment part 10. ROOT 
           ENTRY                   ADDRESS         REF BY
           =====                   =======         ======
           _A_ADC12MEM7_L          072E 
           LOCAL                   ADDRESS         
           =====                   =======         
           ADC12MEM7               072E 
           ADC12MEM7_H             072F 
           ADC12MEM7_L             072E 
    -------------------------------------------------------------------------
DATA16_AN
  Relative segment, address: 0730 - 0731 (0x2 bytes), align: 0
  Segment part 11. ROOT 
           ENTRY                   ADDRESS         REF BY
           =====                   =======         ======
           _A_ADC12MEM8_L          0730 
           LOCAL                   ADDRESS         
           =====                   =======         
           ADC12MEM8               0730 
           ADC12MEM8_H             0731 
           ADC12MEM8_L             0730 
    -------------------------------------------------------------------------
DATA16_AN
  Relative segment, address: 0732 - 0733 (0x2 bytes), align: 0
  Segment part 12. ROOT 
           ENTRY                   ADDRESS         REF BY
           =====                   =======         ======
           _A_ADC12MEM9_L          0732 
           LOCAL                   ADDRESS         
           =====                   =======         
           ADC12MEM9               0732 
           ADC12MEM9_H             0733 
           ADC12MEM9_L             0732 
    -------------------------------------------------------------------------
DATA16_AN
  Relative segment, address: 0734 - 0735 (0x2 bytes), align: 0
  Segment part 13. ROOT 
           ENTRY                   ADDRESS         REF BY
           =====                   =======         ======
           _A_ADC12MEM10_L         0734 
           LOCAL                   ADDRESS         
           =====                   =======         
           ADC12MEM10              0734 
           ADC12MEM10_H            0735 
           ADC12MEM10_L            0734 
    -------------------------------------------------------------------------
DATA16_AN
  Relative segment, address: 0736 - 0737 (0x2 bytes), align: 0
  Segment part 14. ROOT 
           ENTRY                   ADDRESS         REF BY
           =====                   =======         ======
           _A_ADC12MEM11_L         0736 
           LOCAL                   ADDRESS         
           =====                   =======         
           ADC12MEM11              0736 
           ADC12MEM11_H            0737 
           ADC12MEM11_L            0736 
    -------------------------------------------------------------------------
DATA16_AN
  Relative segment, address: 0738 - 0739 (0x2 bytes), align: 0
  Segment part 15. ROOT 
           ENTRY                   ADDRESS         REF BY
           =====                   =======         ======
           _A_ADC12MEM12_L         0738 
           LOCAL                   ADDRESS         
           =====                   =======         
           ADC12MEM12              0738 
           ADC12MEM12_H            0739 
           ADC12MEM12_L            0738 
    -------------------------------------------------------------------------
DATA16_AN
  Relative segment, address: 073A - 073B (0x2 bytes), align: 0
  Segment part 16. ROOT 
           ENTRY                   ADDRESS         REF BY
           =====                   =======         ======
           _A_ADC12MEM13_L         073A 
           LOCAL                   ADDRESS         
           =====                   =======         
           ADC12MEM13              073A 
           ADC12MEM13_H            073B 
           ADC12MEM13_L            073A 
    -------------------------------------------------------------------------
DATA16_AN
  Relative segment, address: 073C - 073D (0x2 bytes), align: 0
  Segment part 17. ROOT 
           ENTRY                   ADDRESS         REF BY
           =====                   =======         ======
           _A_ADC12MEM14_L         073C 
           LOCAL                   ADDRESS         
           =====                   =======         
           ADC12MEM14              073C 
           ADC12MEM14_H            073D 
           ADC12MEM14_L            073C 
    -------------------------------------------------------------------------
DATA16_AN
  Relative segment, address: 073E - 073F (0x2 bytes), align: 0
  Segment part 18. ROOT 
           ENTRY                   ADDRESS         REF BY
           =====                   =======         ======
           _A_ADC12MEM15_L         073E 
           LOCAL                   ADDRESS         
           =====                   =======         
           ADC12MEM15              073E 
           ADC12MEM15_H            073F 
           ADC12MEM15_L            073E 
    -------------------------------------------------------------------------
DATA16_AN
  Relative segment, address: 0710 - 0710 (0x1 bytes), align: 0
  Segment part 19. ROOT       Intra module refs:   ADC_Open
           ENTRY                   ADDRESS         REF BY
           =====                   =======         ======
           ADC12MCTL0              0710 
    -------------------------------------------------------------------------
DATA16_AN
  Relative segment, address: 0711 - 0711 (0x1 bytes), align: 0
  Segment part 20. ROOT       Intra module refs:   ADC_Open
           ENTRY                   ADDRESS         REF BY
           =====                   =======         ======
           ADC12MCTL1              0711 
    -------------------------------------------------------------------------
DATA16_AN
  Relative segment, address: 0712 - 0712 (0x1 bytes), align: 0
  Segment part 21. ROOT       Intra module refs:   ADC_Open
           ENTRY                   ADDRESS         REF BY
           =====                   =======         ======
           ADC12MCTL2              0712 
    -------------------------------------------------------------------------
DATA16_AN
  Relative segment, address: 0713 - 0713 (0x1 bytes), align: 0
  Segment part 22. ROOT       Intra module refs:   ADC_Open
           ENTRY                   ADDRESS         REF BY
           =====                   =======         ======
           ADC12MCTL3              0713 
    -------------------------------------------------------------------------
DATA16_AN
  Relative segment, address: 0714 - 0714 (0x1 bytes), align: 0
  Segment part 23. ROOT       Intra module refs:   ADC_Open
           ENTRY                   ADDRESS         REF BY
           =====                   =======         ======
           ADC12MCTL4              0714 
    -------------------------------------------------------------------------
DATA16_AN
  Relative segment, address: 0715 - 0715 (0x1 bytes), align: 0
  Segment part 24. ROOT       Intra module refs:   ADC_Open
           ENTRY                   ADDRESS         REF BY
           =====                   =======         ======
           ADC12MCTL5              0715 
    -------------------------------------------------------------------------
DATA16_AN
  Relative segment, address: 0716 - 0716 (0x1 bytes), align: 0
  Segment part 25. ROOT       Intra module refs:   ADC_Open
           ENTRY                   ADDRESS         REF BY
           =====                   =======         ======
           ADC12MCTL6              0716 
    -------------------------------------------------------------------------
DATA16_AN
  Relative segment, address: 0717 - 0717 (0x1 bytes), align: 0
  Segment part 26. ROOT       Intra module refs:   ADC_Open
           ENTRY                   ADDRESS         REF BY
           =====                   =======         ======
           ADC12MCTL7              0717 
    -------------------------------------------------------------------------
DATA16_AN
  Relative segment, address: 0718 - 0718 (0x1 bytes), align: 0
  Segment part 27. ROOT       Intra module refs:   ADC_Open
           ENTRY                   ADDRESS         REF BY
           =====                   =======         ======
           ADC12MCTL8              0718 
    -------------------------------------------------------------------------
DATA16_AN
  Relative segment, address: 0719 - 0719 (0x1 bytes), align: 0
  Segment part 28. ROOT       Intra module refs:   ADC_Open
           ENTRY                   ADDRESS         REF BY
           =====                   =======         ======
           ADC12MCTL9              0719 
    -------------------------------------------------------------------------
DATA16_AN
  Relative segment, address: 071A - 071A (0x1 bytes), align: 0
  Segment part 29. ROOT       Intra module refs:   ADC_Open
           ENTRY                   ADDRESS         REF BY
           =====                   =======         ======
           ADC12MCTL10             071A 
    -------------------------------------------------------------------------
DATA16_AN
  Relative segment, address: 071B - 071B (0x1 bytes), align: 0
  Segment part 30. ROOT       Intra module refs:   ADC_Open
           ENTRY                   ADDRESS         REF BY
           =====                   =======         ======
           ADC12MCTL11             071B 
    -------------------------------------------------------------------------
DATA16_AN
  Relative segment, address: 071C - 071C (0x1 bytes), align: 0
  Segment part 31. ROOT       Intra module refs:   ADC_Open
           ENTRY                   ADDRESS         REF BY
           =====                   =======         ======
           ADC12MCTL12             071C 
    -------------------------------------------------------------------------
DATA16_AN
  Relative segment, address: 071D - 071D (0x1 bytes), align: 0
  Segment part 32. ROOT       Intra module refs:   ADC_Open
           ENTRY                   ADDRESS         REF BY
           =====                   =======         ======
           ADC12MCTL13             071D 
    -------------------------------------------------------------------------
DATA16_AN
  Relative segment, address: 071E - 071E (0x1 bytes), align: 0
  Segment part 33. ROOT       Intra module refs:   ADC_Open
           ENTRY                   ADDRESS         REF BY
           =====                   =======         ======
           ADC12MCTL14             071E 
    -------------------------------------------------------------------------
DATA16_AN
  Relative segment, address: 071F - 071F (0x1 bytes), align: 0
  Segment part 34. ROOT       Intra module refs:   ADC_Open
           ENTRY                   ADDRESS         REF BY
           =====                   =======         ======
           ADC12MCTL15             071F 
    -------------------------------------------------------------------------
DATA16_AN
  Relative segment, address: 0242 - 0243 (0x2 bytes), align: 0
  Segment part 35. ROOT       Intra module refs:   Led_Init (led)
                                                   ROM_WP_OFF (rom)
                                                   ROM_WP_ON (rom)
                                                   halBoardInit (hal_board)
           ENTRY                   ADDRESS         REF BY
           =====                   =======         ======
           _A_PCOUT_L              0242 
           LOCAL                   ADDRESS         
           =====                   =======         
           PCOUT                   0242 
           PCOUT_H                 0243 
           PCOUT_L                 0242 
    -------------------------------------------------------------------------
DATA16_AN
  Relative segment, address: 024A - 024B (0x2 bytes), align: 0
  Segment part 36. ROOT       Intra module refs:   ADC_Open
                                                   Clock_Init (common)
                                                   Led_Init (led)
                                                   UART1_Open (uart1)
                                                   halBoardInit (hal_board)
           ENTRY                   ADDRESS         REF BY
           =====                   =======         ======
           _A_PCSEL_L              024A 
           LOCAL                   ADDRESS         
           =====                   =======         
           PCSEL                   024A 
           PCSEL_H                 024B 
           PCSEL_L                 024A 
    -------------------------------------------------------------------------
<CODE> 1 (was CODE)
  Relative segment, address: 89CA - 8A65 (0x9c bytes), align: 1
  Segment part 39.
           ENTRY                   ADDRESS         REF BY
           =====                   =======         ======
           ADC_Open                89CA            Sampler_Open (Sampler)
               calls direct

    *************************************************************************

  FILE NAME : C:\Users\waz\Desktop\新建文件夹\RTU-FREERTOS\Debug_Large_Data_Model\Obj\adc10_a.r43
    *************************************************************************

  FILE NAME : C:\Users\waz\Desktop\新建文件夹\RTU-FREERTOS\Debug_Large_Data_Model\Obj\adc12_a.r43
    *************************************************************************

  FILE NAME : C:\Users\waz\Desktop\新建文件夹\RTU-FREERTOS\Debug_Large_Data_Model\Obj\aes.r43
    *************************************************************************

  FILE NAME : C:\Users\waz\Desktop\新建文件夹\RTU-FREERTOS\Debug_Large_Data_Model\Obj\battbak.r43
    *************************************************************************

  FILE NAME : C:\Users\waz\Desktop\新建文件夹\RTU-FREERTOS\Debug_Large_Data_Model\Obj\BC95.r43
  PROGRAM MODULE, NAME : BC95

  SEGMENTS IN THE MODULE
  ======================
<CODE> 1 (was CODE)
  Relative segment, address: AFAC - AFBD (0x12 bytes), align: 1
  Segment part 88.            Intra module refs:   ATTEST (blueTooth)
                                                   BLE_ADVSTART (blueTooth)
                                                   BLE_ATE (blueTooth)
                                                   BLE_BLESP (blueTooth)
                                                   BLE_BLESPPCFG (blueTooth)
                                                   BLE_CONNECT (blueTooth)
                                                   BLE_GATTSSRVCRE (blueTooth)
                                                   BLE_GATTSSRVSTART (blueTooth)
                                                   BLE_RST (blueTooth)
                                                   BLE_RecAt (blueTooth)
                                                   BLE_SERVER (blueTooth)
                                                   BLE_SetName (blueTooth)
           ENTRY                   ADDRESS         REF BY
           =====                   =======         ======
           strstr                  AFAC 
               calls direct
    -------------------------------------------------------------------------
DATA16_AN
  Relative segment, address: 0282 - 0283 (0x2 bytes), align: 0
  Segment part 1. ROOT        Intra module refs:   BLE_INIT (blueTooth)
                                                   IIC_SCL_HIGH (rtc)
                                                   IIC_SCL_LOW (rtc)
                                                   IIC_SDA_HIGH (rtc)
                                                   IIC_SDA_LOW (rtc)
                                                   Led_Init (led)
                                                   Max3222_Close (common)
                                                   Max3222_Open (common)
                                                   Restart_Init (main)
                                                   Sampler_Open (Sampler)
                                                   UART1_Open (uart1)
                                                   halBoardInit (hal_board)
           ENTRY                   ADDRESS         REF BY
           =====                   =======         ======
           _A_PEOUT_L              0282 
           LOCAL                   ADDRESS         
           =====                   =======         
           PEOUT                   0282 
           PEOUT_H                 0283 
           PEOUT_L                 0282 
    -------------------------------------------------------------------------
DATA16_AN
  Relative segment, address: 0284 - 0285 (0x2 bytes), align: 0
  Segment part 2. ROOT        Intra module refs:   BLE_INIT (blueTooth)
                                                   IIC_Send_Byte (rtc)
                                                   IIC_Start (rtc)
                                                   IIC_Stop (rtc)
                                                   IIC_Wait_Ack (rtc)
                                                   Led_Init (led)
                                                   Max3222_Close (common)
                                                   Max3222_Open (common)
                                                   RTC_Open (rtc)
                                                   Restart_Init (main)
                                                   Sampler_Open (Sampler)
                                                   UART1_Open (uart1)
                                                   UART3_Open (uart3)
                                                   halBoardInit (hal_board)
           ENTRY                   ADDRESS         REF BY
           =====                   =======         ======
           _A_PEDIR_L              0284 
           LOCAL                   ADDRESS         
           =====                   =======         
           PEDIR                   0284 
           PEDIR_H                 0285 
           PEDIR_L                 0284 

    *************************************************************************

  FILE NAME : C:\Users\waz\Desktop\新建文件夹\RTU-FREERTOS\Debug_Large_Data_Model\Obj\BLE_Task.r43
  PROGRAM MODULE, NAME : BLE_Task

  SEGMENTS IN THE MODULE
  ======================
DATA20_Z
  Relative segment, address: 1C50 - 1C53 (0x4 bytes), align: 1
  Segment part 2.             Intra module refs:   BLE_RE
           ENTRY                   ADDRESS         REF BY
           =====                   =======         ======
           xSemaphore_BLE          1C50            main (main)
    -------------------------------------------------------------------------
<CODE> 1 (was CODE)
  Relative segment, address: 8E00 - 8E91 (0x92 bytes), align: 1
  Segment part 3.
           ENTRY                   ADDRESS         REF BY
           =====                   =======         ======
           BLE_RE                  8E00            main (main)
               calls direct and indirect

    *************************************************************************

  FILE NAME : C:\Users\waz\Desktop\新建文件夹\RTU-FREERTOS\Debug_Large_Data_Model\Obj\blueTooth.r43
  PROGRAM MODULE, NAME : blueTooth

  SEGMENTS IN THE MODULE
  ======================
DATA20_Z
  Relative segment, address: 1C54 - 1C55 (0x2 bytes), align: 1
  Segment part 69.            Intra module refs:   BLE_Open
                                                   BLE_RST
                                                   ble_isinit
           ENTRY                   ADDRESS         REF BY
           =====                   =======         ======
           BLEINIT                 1C54 
    -------------------------------------------------------------------------
DATA20_Z
  Relative segment, address: 1C56 - 1C57 (0x2 bytes), align: 1
  Segment part 70.            Intra module refs:   BLE_BLESPP
                                                   BLE_BLESPPEND
                                                   ble_isConnect
                                                   ble_sppflag
           ENTRY                   ADDRESS         REF BY
           =====                   =======         ======
           sppflag                 1C56 
    -------------------------------------------------------------------------
<CODE> 1 (was CODE)
  Relative segment, address: B1B8 - B1BB (0x4 bytes), align: 1
  Segment part 74.            Intra module refs:   ATTEST
                                                   BLE_BLESP
                                                   BLE_BLESPPEND
                                                   BLE_CONNECT
                                                   BLE_GATTSSRVCRE
                                                   BLE_INIT
                                                   BLE_SendAtCmd
           ENTRY                   ADDRESS         REF BY
           =====                   =======         ======
           BLE_buffer_Clear        B1B8 
               calls direct
    -------------------------------------------------------------------------
<CODE> 1 (was CODE)
  Relative segment, address: A05C - A09F (0x44 bytes), align: 1
  Segment part 76.            Intra module refs:   ble_ReadMsgFromBLE
           ENTRY                   ADDRESS         REF BY
           =====                   =======         ======
           SPPRX                   A05C 
               calls direct
    -------------------------------------------------------------------------
<CODE> 1 (was CODE)
  Relative segment, address: 97D8 - 9837 (0x60 bytes), align: 1
  Segment part 77.            Intra module refs:   ble_WriteMsgToBLE
           ENTRY                   ADDRESS         REF BY
           =====                   =======         ======
           SPPTX                   97D8 
               calls direct
    -------------------------------------------------------------------------
<CODE> 1 (was CODE)
  Relative segment, address: 9DC6 - 9E13 (0x4e bytes), align: 1
  Segment part 78.            Intra module refs:   ATTEST
                                                   BLE_ADVSTART
                                                   BLE_ATE
                                                   BLE_BLESP
                                                   BLE_BLESPPCFG
                                                   BLE_CONNECT
                                                   BLE_GATTSSRVSTART
                                                   BLE_RST
                                                   BLE_SERVER
                                                   BLE_SetName
           ENTRY                   ADDRESS         REF BY
           =====                   =======         ======
           BLE_SendAtCmd           9DC6 
               calls direct
    -------------------------------------------------------------------------
<CODE> 1 (was CODE)
  Relative segment, address: AF3A - AF4D (0x14 bytes), align: 1
  Segment part 75.            Intra module refs:   SPPRX
           ENTRY                   ADDRESS         REF BY
           =====                   =======         ======
           BLE_SendMsg             AF3A 
               calls direct
    -------------------------------------------------------------------------
<CODE> 1 (was CODE)
  Relative segment, address: 9CD0 - 9D23 (0x54 bytes), align: 1
  Segment part 80.            Intra module refs:   ATTEST
                                                   BLE_ADVSTART
                                                   BLE_ATE
                                                   BLE_BLESP
                                                   BLE_BLESPPCFG
                                                   BLE_BLESPPEND
                                                   BLE_CONNECT
                                                   BLE_GATTSSRVCRE
                                                   BLE_GATTSSRVSTART
                                                   BLE_RST
                                                   BLE_SERVER
                                                   BLE_SetName
           ENTRY                   ADDRESS         REF BY
           =====                   =======         ======
           BLE_RecAt               9CD0 
               calls direct
    -------------------------------------------------------------------------
<CODE> 1 (was CODE)
  Relative segment, address: 9716 - 9777 (0x62 bytes), align: 1
  Segment part 81.            Intra module refs:   BLE_INIT
           ENTRY                   ADDRESS         REF BY
           =====                   =======         ======
           BLE_ATE                 9716 
               calls direct
    -------------------------------------------------------------------------
<CODE> 1 (was CODE)
  Relative segment, address: 8B02 - 8B9D (0x9c bytes), align: 1
  Segment part 82.            Intra module refs:   BLE_BLESPPEND
                                                   BLE_INIT
           ENTRY                   ADDRESS         REF BY
           =====                   =======         ======
           ATTEST                  8B02 
               calls direct
    -------------------------------------------------------------------------
<CODE> 1 (was CODE)
  Relative segment, address: 9B1A - 9B73 (0x5a bytes), align: 1
  Segment part 83.            Intra module refs:   BLE_Open
           ENTRY                   ADDRESS         REF BY
           =====                   =======         ======
           BLE_SetName             9B1A 
               calls direct
    -------------------------------------------------------------------------
<CODE> 1 (was CODE)
  Relative segment, address: 9896 - 98F1 (0x5c bytes), align: 1
  Segment part 84.            Intra module refs:   BLE_Open
           ENTRY                   ADDRESS         REF BY
           =====                   =======         ======
           BLE_SERVER              9896 
               calls direct
    -------------------------------------------------------------------------
<CODE> 1 (was CODE)
  Relative segment, address: 8C3A - 8CD5 (0x9c bytes), align: 1
  Segment part 85.            Intra module refs:   BLE_Open
           ENTRY                   ADDRESS         REF BY
           =====                   =======         ======
           BLE_GATTSSRVCRE         8C3A 
               calls direct
    -------------------------------------------------------------------------
<CODE> 1 (was CODE)
  Relative segment, address: 994E - 99A9 (0x5c bytes), align: 1
  Segment part 86.            Intra module refs:   BLE_Open
           ENTRY                   ADDRESS         REF BY
           =====                   =======         ======
           BLE_GATTSSRVSTART       994E 
               calls direct
    -------------------------------------------------------------------------
<CODE> 1 (was CODE)
  Relative segment, address: 9A06 - 9A61 (0x5c bytes), align: 1
  Segment part 87.            Intra module refs:   BLE_Open
                                                   ble_adv
           ENTRY                   ADDRESS         REF BY
           =====                   =======         ======
           BLE_ADVSTART            9A06 
               calls direct
    -------------------------------------------------------------------------
<CODE> 1 (was CODE)
  Relative segment, address: 98F2 - 994D (0x5c bytes), align: 1
  Segment part 88.            Intra module refs:   BLE_BLESP
           ENTRY                   ADDRESS         REF BY
           =====                   =======         ======
           BLE_BLESPPCFG           98F2 
               calls direct
    -------------------------------------------------------------------------
<CODE> 1 (was CODE)
  Relative segment, address: 8D6C - 8DFF (0x94 bytes), align: 1
  Segment part 89.            Intra module refs:   BLE_BLESPP
           ENTRY                   ADDRESS         REF BY
           =====                   =======         ======
           BLE_BLESP               8D6C 
               calls direct
    -------------------------------------------------------------------------
<CODE> 1 (was CODE)
  Relative segment, address: 9EAE - 9EF9 (0x4c bytes), align: 1
  Segment part 90.            Intra module refs:   ble_open
           ENTRY                   ADDRESS         REF BY
           =====                   =======         ======
           BLE_BLESPP              9EAE 
               calls direct
    -------------------------------------------------------------------------
<CODE> 1 (was CODE)
  Relative segment, address: 92C0 - 933B (0x7c bytes), align: 1
  Segment part 91.            Intra module refs:   BLE_INIT
                                                   ble_close
           ENTRY                   ADDRESS         REF BY
           =====                   =======         ======
           BLE_BLESPPEND           92C0 
               calls direct
    -------------------------------------------------------------------------
<CODE> 1 (was CODE)
  Relative segment, address: 8E92 - 8F21 (0x90 bytes), align: 1
  Segment part 93.            Intra module refs:   BLE_MAIN
           ENTRY                   ADDRESS         REF BY
           =====                   =======         ======
           BLE_INIT                8E92 
               calls direct
    -------------------------------------------------------------------------
<CODE> 1 (was CODE)
  Relative segment, address: 8494 - 8541 (0xae bytes), align: 1
  Segment part 94.            Intra module refs:   BLE_MAIN
           ENTRY                   ADDRESS         REF BY
           =====                   =======         ======
           BLE_Open                8494 
               calls direct
    -------------------------------------------------------------------------
<CODE> 1 (was CODE)
  Relative segment, address: 94A2 - 9511 (0x70 bytes), align: 1
  Segment part 95.            Intra module refs:   BLE_MAIN
                                                   ble_isConnect
           ENTRY                   ADDRESS         REF BY
           =====                   =======         ======
           BLE_CONNECT             94A2 
               calls direct
    -------------------------------------------------------------------------
<CODE> 1 (was CODE)
  Relative segment, address: 9430 - 94A1 (0x72 bytes), align: 1
  Segment part 92.            Intra module refs:   BLE_INIT
                                                   ble_rst
           ENTRY                   ADDRESS         REF BY
           =====                   =======         ======
           BLE_RST                 9430 
               calls direct
    -------------------------------------------------------------------------
<CODE> 1 (was CODE)
  Relative segment, address: AA10 - AA3B (0x2c bytes), align: 1
  Segment part 79.            Intra module refs:   BLE_RecAt
           ENTRY                   ADDRESS         REF BY
           =====                   =======         ======
           BLE_RecvLineTry         AA10 
               calls direct
    -------------------------------------------------------------------------
<CODE> 1 (was CODE)
  Relative segment, address: 93B8 - 942F (0x78 bytes), align: 1
  Segment part 99.            Intra module refs:   ble_init
           ENTRY                   ADDRESS         REF BY
           =====                   =======         ======
           BLE_MAIN                93B8 
               calls direct
    -------------------------------------------------------------------------
DATA20_I
  Relative segment, address: 1C00 - 1C2B (0x2c bytes), align: 1
  Segment part 71.            Intra module refs:   BleDriverInstall
           ENTRY                   ADDRESS         REF BY
           =====                   =======         ======
           T_CommuteDevBLE         1C00 
    -------------------------------------------------------------------------
<CODE> 1 (was CODE)
  Relative segment, address: B1C4 - B1C7 (0x4 bytes), align: 1
  Segment part 100.           Intra module refs:   Segment part 72
           ENTRY                   ADDRESS         REF BY
           =====                   =======         ======
           ble_rst                 B1C4 
               calls direct
    -------------------------------------------------------------------------
<CODE> 1 (was CODE)
  Relative segment, address: B16A - B171 (0x8 bytes), align: 1
  Segment part 101.           Intra module refs:   Segment part 72
           ENTRY                   ADDRESS         REF BY
           =====                   =======         ======
           ble_sppflag             B16A 
    -------------------------------------------------------------------------
<CODE> 1 (was CODE)
  Relative segment, address: B15A - B161 (0x8 bytes), align: 1
  Segment part 102.           Intra module refs:   Segment part 72
           ENTRY                   ADDRESS         REF BY
           =====                   =======         ======
           ble_isinit              B15A 
    -------------------------------------------------------------------------
<CODE> 1 (was CODE)
  Relative segment, address: B1B0 - B1B3 (0x4 bytes), align: 1
  Segment part 103.           Intra module refs:   Segment part 72
           ENTRY                   ADDRESS         REF BY
           =====                   =======         ======
           ble_adv                 B1B0 
               calls direct
    -------------------------------------------------------------------------
<CODE> 1 (was CODE)
  Relative segment, address: B1AC - B1AF (0x4 bytes), align: 1
  Segment part 104.           Intra module refs:   Segment part 72
           ENTRY                   ADDRESS         REF BY
           =====                   =======         ======
           ble_init                B1AC 
               calls direct
    -------------------------------------------------------------------------
<CODE> 1 (was CODE)
  Relative segment, address: AED0 - AEE5 (0x16 bytes), align: 1
  Segment part 105.           Intra module refs:   Segment part 72
           ENTRY                   ADDRESS         REF BY
           =====                   =======         ======
           ble_isConnect           AED0 
               calls direct
    -------------------------------------------------------------------------
<CODE> 1 (was CODE)
  Relative segment, address: AFFE - B00D (0x10 bytes), align: 1
  Segment part 106.           Intra module refs:   Segment part 72
           ENTRY                   ADDRESS         REF BY
           =====                   =======         ======
           ble_open                AFFE 
               calls direct
    -------------------------------------------------------------------------
<CODE> 1 (was CODE)
  Relative segment, address: AF88 - AF99 (0x12 bytes), align: 1
  Segment part 107.           Intra module refs:   Segment part 72
           ENTRY                   ADDRESS         REF BY
           =====                   =======         ======
           ble_WriteMsgToBLE       AF88 
               calls direct
    -------------------------------------------------------------------------
<CODE> 1 (was CODE)
  Relative segment, address: AF26 - AF39 (0x14 bytes), align: 1
  Segment part 108.           Intra module refs:   Segment part 72
           ENTRY                   ADDRESS         REF BY
           =====                   =======         ======
           ble_ReadMsgFromBLE      AF26 
               calls direct
    -------------------------------------------------------------------------
<CODE> 1 (was CODE)
  Relative segment, address: B14A - B151 (0x8 bytes), align: 1
  Segment part 109.           Intra module refs:   Segment part 72
           ENTRY                   ADDRESS         REF BY
           =====                   =======         ======
           ble_close               B14A 
               calls direct
    -------------------------------------------------------------------------
<CODE> 1 (was CODE)
  Relative segment, address: AFDE - AFED (0x10 bytes), align: 1
  Segment part 110.
           ENTRY                   ADDRESS         REF BY
           =====                   =======         ======
           BleDriverInstall        AFDE            prvSetupHardware (main)
               calls direct
    -------------------------------------------------------------------------
DATA20_ID
  Relative segment, address: BAB6 - BAE1 (0x2c bytes), align: 1
  Segment part 72.            Intra module refs:   T_CommuteDevBLE
    -------------------------------------------------------------------------
DATA20_C
  Relative segment, address: B1DC - B1DF (0x4 bytes), align: 0
  Segment part 4.             Intra module refs:   Segment part 72
    -------------------------------------------------------------------------
DATA20_C
  Relative segment, address: B1E0 - B1E6 (0x7 bytes), align: 0
  Segment part 5.             Intra module refs:   SPPRX
    -------------------------------------------------------------------------
DATA20_C
  Relative segment, address: B1E7 - B1E9 (0x3 bytes), align: 0
  Segment part 6.             Intra module refs:   SPPRX
                                                   SPPTX
    -------------------------------------------------------------------------
DATA20_C
  Relative segment, address: B1EA - B1EC (0x3 bytes), align: 0
  Segment part 7.             Intra module refs:   SPPRX
                                                   SPPTX
    -------------------------------------------------------------------------
DATA20_C
  Relative segment, address: B1ED - B1F2 (0x6 bytes), align: 0
  Segment part 8.             Intra module refs:   SPPTX
    -------------------------------------------------------------------------
DATA20_C
  Relative segment, address: B1F3 - B1F9 (0x7 bytes), align: 0
  Segment part 9.             Intra module refs:   SPPTX
    -------------------------------------------------------------------------
DATA20_C
  Relative segment, address: B1FA - B1FB (0x2 bytes), align: 0
  Segment part 10.            Intra module refs:   BLE_SendAtCmd
    -------------------------------------------------------------------------
DATA20_C
  Relative segment, address: B1FC - B1FE (0x3 bytes), align: 0
  Segment part 11.            Intra module refs:   BLE_BLESP
                                                   BLE_RecAt
    -------------------------------------------------------------------------
DATA20_C
  Relative segment, address: B1FF - B201 (0x3 bytes), align: 0
  Segment part 12.            Intra module refs:   BLE_RecAt
    -------------------------------------------------------------------------
DATA20_C
  Relative segment, address: B202 - B206 (0x5 bytes), align: 0
  Segment part 13.            Intra module refs:   BLE_ATE
    -------------------------------------------------------------------------
DATA20_C
  Relative segment, address: B207 - B26A (0x64 bytes), align: 0
  Segment part 14.            Intra module refs:   BLE_ATE
    -------------------------------------------------------------------------
DATA20_C
  Relative segment, address: B26B - B26C (0x2 bytes), align: 0
  Segment part 15.            Intra module refs:   ATTEST
                                                   BLE_ADVSTART
                                                   BLE_ATE
                                                   BLE_BLESPPCFG
                                                   BLE_GATTSSRVCRE
                                                   BLE_GATTSSRVSTART
                                                   BLE_SERVER
                                                   BLE_SetName
    -------------------------------------------------------------------------
DATA20_C
  Relative segment, address: B26D - B26F (0x3 bytes), align: 0
  Segment part 16.            Intra module refs:   ATTEST
    -------------------------------------------------------------------------
DATA20_C
  Relative segment, address: B270 - B2D3 (0x64 bytes), align: 0
  Segment part 17.            Intra module refs:   ATTEST
    -------------------------------------------------------------------------
DATA20_C
  Relative segment, address: B2D4 - B2E2 (0xf bytes), align: 0
  Segment part 18.            Intra module refs:   ATTEST
    -------------------------------------------------------------------------
DATA20_C
  Relative segment, address: B2E3 - B2EB (0x9 bytes), align: 0
  Segment part 19.            Intra module refs:   ATTEST
    -------------------------------------------------------------------------
DATA20_C
  Relative segment, address: B2EC - B314 (0x29 bytes), align: 0
  Segment part 20.            Intra module refs:   BLE_SetName
    -------------------------------------------------------------------------
DATA20_C
  Relative segment, address: B315 - B378 (0x64 bytes), align: 0
  Segment part 21.            Intra module refs:   BLE_SetName
    -------------------------------------------------------------------------
DATA20_C
  Relative segment, address: B379 - B385 (0xd bytes), align: 0
  Segment part 22.            Intra module refs:   BLE_SERVER
    -------------------------------------------------------------------------
DATA20_C
  Relative segment, address: B386 - B3E9 (0x64 bytes), align: 0
  Segment part 23.            Intra module refs:   BLE_SERVER
    -------------------------------------------------------------------------
DATA20_C
  Relative segment, address: B3EA - B3FB (0x12 bytes), align: 0
  Segment part 24.            Intra module refs:   BLE_GATTSSRVCRE
    -------------------------------------------------------------------------
DATA20_C
  Relative segment, address: B3FC - B45F (0x64 bytes), align: 0
  Segment part 25.            Intra module refs:   BLE_GATTSSRVCRE
    -------------------------------------------------------------------------
DATA20_C
  Relative segment, address: B460 - B461 (0x2 bytes), align: 0
  Segment part 26.            Intra module refs:   BLE_GATTSSRVCRE
    -------------------------------------------------------------------------
DATA20_C
  Relative segment, address: B462 - B464 (0x3 bytes), align: 0
  Segment part 27.            Intra module refs:   BLE_GATTSSRVCRE
    -------------------------------------------------------------------------
DATA20_C
  Relative segment, address: B465 - B478 (0x14 bytes), align: 0
  Segment part 28.            Intra module refs:   BLE_GATTSSRVSTART
    -------------------------------------------------------------------------
DATA20_C
  Relative segment, address: B479 - B4DC (0x64 bytes), align: 0
  Segment part 29.            Intra module refs:   BLE_GATTSSRVSTART
    -------------------------------------------------------------------------
DATA20_C
  Relative segment, address: B4DD - B4EB (0xf bytes), align: 0
  Segment part 30.            Intra module refs:   BLE_ADVSTART
    -------------------------------------------------------------------------
DATA20_C
  Relative segment, address: B4EC - B54F (0x64 bytes), align: 0
  Segment part 31.            Intra module refs:   BLE_ADVSTART
    -------------------------------------------------------------------------
DATA20_C
  Relative segment, address: B550 - B566 (0x17 bytes), align: 0
  Segment part 32.            Intra module refs:   BLE_BLESPPCFG
    -------------------------------------------------------------------------
DATA20_C
  Relative segment, address: B567 - B5CA (0x64 bytes), align: 0
  Segment part 33.            Intra module refs:   BLE_BLESPPCFG
    -------------------------------------------------------------------------
DATA20_C
  Relative segment, address: B5CB - B5D4 (0xa bytes), align: 0
  Segment part 34.            Intra module refs:   BLE_BLESP
    -------------------------------------------------------------------------
DATA20_C
  Relative segment, address: B5D5 - B638 (0x64 bytes), align: 0
  Segment part 35.            Intra module refs:   BLE_BLESP
    -------------------------------------------------------------------------
DATA20_C
  Relative segment, address: B639 - B63A (0x2 bytes), align: 0
  Segment part 36.            Intra module refs:   BLE_BLESP
    -------------------------------------------------------------------------
DATA20_C
  Relative segment, address: B63B - B63C (0x2 bytes), align: 0
  Segment part 37.            Intra module refs:   BLE_BLESP
    -------------------------------------------------------------------------
DATA20_C
  Relative segment, address: B63D - B645 (0x9 bytes), align: 0
  Segment part 38.            Intra module refs:   BLE_BLESPP
    -------------------------------------------------------------------------
DATA20_C
  Relative segment, address: B646 - B662 (0x1d bytes), align: 0
  Segment part 39.            Intra module refs:   BLE_BLESPP
                                                   BLE_MAIN
    -------------------------------------------------------------------------
DATA20_C
  Relative segment, address: B663 - B66A (0x8 bytes), align: 0
  Segment part 40.            Intra module refs:   BLE_BLESPP
    -------------------------------------------------------------------------
DATA20_C
  Relative segment, address: B66B - B66E (0x4 bytes), align: 0
  Segment part 41.            Intra module refs:   BLE_BLESPPEND
    -------------------------------------------------------------------------
DATA20_C
  Relative segment, address: B66F - B6D2 (0x64 bytes), align: 0
  Segment part 42.            Intra module refs:   BLE_BLESPPEND
    -------------------------------------------------------------------------
DATA20_C
  Relative segment, address: B6D3 - B6DE (0xc bytes), align: 0
  Segment part 43.            Intra module refs:   BLE_BLESPPEND
    -------------------------------------------------------------------------
DATA20_C
  Relative segment, address: B6DF - B6EA (0xc bytes), align: 0
  Segment part 44.            Intra module refs:   BLE_INIT
    -------------------------------------------------------------------------
DATA20_C
  Relative segment, address: B6EB - B6FD (0x13 bytes), align: 0
  Segment part 45.            Intra module refs:   BLE_INIT
    -------------------------------------------------------------------------
DATA20_C
  Relative segment, address: B6FE - B70A (0xd bytes), align: 0
  Segment part 46.            Intra module refs:   BLE_Open
    -------------------------------------------------------------------------
DATA20_C
  Relative segment, address: B70B - B719 (0xf bytes), align: 0
  Segment part 47.            Intra module refs:   BLE_Open
    -------------------------------------------------------------------------
DATA20_C
  Relative segment, address: B71A - B727 (0xe bytes), align: 0
  Segment part 48.            Intra module refs:   BLE_Open
    -------------------------------------------------------------------------
DATA20_C
  Relative segment, address: B728 - B73B (0x14 bytes), align: 0
  Segment part 49.            Intra module refs:   BLE_Open
    -------------------------------------------------------------------------
DATA20_C
  Relative segment, address: B73C - B74B (0x10 bytes), align: 0
  Segment part 50.            Intra module refs:   BLE_Open
    -------------------------------------------------------------------------
DATA20_C
  Relative segment, address: B74C - B757 (0xc bytes), align: 0
  Segment part 51.            Intra module refs:   BLE_CONNECT
    -------------------------------------------------------------------------
DATA20_C
  Relative segment, address: B758 - B7BB (0x64 bytes), align: 0
  Segment part 52.            Intra module refs:   BLE_CONNECT
    -------------------------------------------------------------------------
DATA20_C
  Relative segment, address: B7BC - B7BF (0x4 bytes), align: 0
  Segment part 53.            Intra module refs:   BLE_CONNECT
    -------------------------------------------------------------------------
DATA20_C
  Relative segment, address: B7C0 - B7C6 (0x7 bytes), align: 0
  Segment part 56.            Intra module refs:   BLE_RST
    -------------------------------------------------------------------------
DATA20_C
  Relative segment, address: B7C7 - B82A (0x64 bytes), align: 0
  Segment part 57.            Intra module refs:   BLE_RST
    -------------------------------------------------------------------------
DATA20_C
  Relative segment, address: B82B - B82D (0x3 bytes), align: 0
  Segment part 58.            Intra module refs:   BLE_RST
    -------------------------------------------------------------------------
DATA20_C
  Relative segment, address: B82E - B843 (0x16 bytes), align: 0
  Segment part 63.            Intra module refs:   BLE_MAIN
    -------------------------------------------------------------------------
DATA20_C
  Relative segment, address: B844 - B863 (0x20 bytes), align: 0
  Segment part 64.            Intra module refs:   BLE_MAIN
    -------------------------------------------------------------------------
DATA20_C
  Relative segment, address: B864 - B879 (0x16 bytes), align: 0
  Segment part 65.            Intra module refs:   BLE_MAIN
    -------------------------------------------------------------------------
DATA20_C
  Relative segment, address: B87A - B886 (0xd bytes), align: 0
  Segment part 66.            Intra module refs:   BLE_MAIN
    -------------------------------------------------------------------------
DATA20_C
  Relative segment, address: B887 - B895 (0xf bytes), align: 0
  Segment part 67.            Intra module refs:   BLE_MAIN
    -------------------------------------------------------------------------
DATA20_C
  Relative segment, address: B896 - B8AF (0x1a bytes), align: 0
  Segment part 68.            Intra module refs:   BleDriverInstall

    *************************************************************************

  FILE NAME : C:\Users\waz\Desktop\新建文件夹\RTU-FREERTOS\Debug_Large_Data_Model\Obj\common.r43
  PROGRAM MODULE, NAME : common

  SEGMENTS IN THE MODULE
  ======================
DATA16_AN
  Relative segment, address: 021A - 021B (0x2 bytes), align: 0
  Segment part 1. ROOT        Intra module refs:   Sampler_Init (Sampler)
           ENTRY                   ADDRESS         REF BY
           =====                   =======         ======
           _A_PAIE_L               021A 
           LOCAL                   ADDRESS         
           =====                   =======         
           PAIE                    021A 
           PAIE_H                  021B 
           PAIE_L                  021A 
    -------------------------------------------------------------------------
DATA16_AN
  Relative segment, address: 021C - 021D (0x2 bytes), align: 0
  Segment part 2. ROOT        Intra module refs:   PORT1_ISR (Sampler)
           ENTRY                   ADDRESS         REF BY
           =====                   =======         ======
           _A_PAIFG_L              021C 
           LOCAL                   ADDRESS         
           =====                   =======         
           PAIFG                   021C 
[...]
  LIBRARY MODULE, NAME : ?sprintf

  SEGMENTS IN THE MODULE
  ======================
<CODE> 1 (was CODE)
  Relative segment, address: A44E - A489 (0x3c bytes), align: 1
  Segment part 2.
           ENTRY                   ADDRESS         REF BY
           =====                   =======         ======
           sprintf                 A44E            WIFI_InitCmd (wifi_config)
                                                   WIFI_SendData (wifi_config)
               calls direct

    -------------------------------------------------------------------------
  LIBRARY MODULE, NAME : ?strchr

  SEGMENTS IN THE MODULE
  ======================
<CODE> 1 (was CODE)
  Relative segment, address: B09E - B0AB (0xe bytes), align: 1
  Segment part 2.
           ENTRY                   ADDRESS         REF BY
           =====                   =======         ======
           __iar_Strchr            B09E            _PrintfSmall (?xprintfsmall)

    -------------------------------------------------------------------------
  LIBRARY MODULE, NAME : ?strlen

  SEGMENTS IN THE MODULE
  ======================
<CODE> 1 (was CODE)
  Relative segment, address: AC26 - AC45 (0x20 bytes), align: 1
  Segment part 2.
           ENTRY                   ADDRESS         REF BY
           =====                   =======         ======
           strlen                  AC26            _PrintfSmall (?xprintfsmall)

    -------------------------------------------------------------------------
  LIBRARY MODULE, NAME : ?strstr

  SEGMENTS IN THE MODULE
  ======================
<CODE> 1 (was CODE)
  Relative segment, address: A5B0 - A5E9 (0x3a bytes), align: 1
  Segment part 2.
           ENTRY                   ADDRESS         REF BY
           =====                   =======         ======
           __iar_Strstr            A5B0            strstr (BC95)

    -------------------------------------------------------------------------
  LIBRARY MODULE, NAME : ?xencoding_sb

  SEGMENTS IN THE MODULE
  ======================
<CODE> 1 (was CODE)
  Relative segment, address: ADFA - AE11 (0x18 bytes), align: 1
  Segment part 4.
           ENTRY                   ADDRESS         REF BY
           =====                   =======         ======
           _EncodingSb_Wctomb      ADFA            _Wctomb (?xwctomb)
    -------------------------------------------------------------------------
<CODE> 1 (was CODE)
  Relative segment, address: A576 - A5AF (0x3a bytes), align: 1
  Segment part 5.
           ENTRY                   ADDRESS         REF BY
           =====                   =======         ======
           _EncodingSb_Mbtowc      A576            _Mbtowc (?xmbtowc)

    -------------------------------------------------------------------------
  LIBRARY MODULE, NAME : ?xgetmemchunk

  SEGMENTS IN THE MODULE
  ======================
<CODE> 1 (was CODE)
  Relative segment, address: A122 - A161 (0x40 bytes), align: 1
  Segment part 5.
           ENTRY                   ADDRESS         REF BY
           =====                   =======         ======
           __data20_GetMemChunk    A122            __data20_findmem (?xxmemxmalloc)
    -------------------------------------------------------------------------
DATA20_Z
  Relative segment, address: 1E30 - 1E33 (0x4 bytes), align: 1
  Segment part 3.             Intra module refs:   __data20_GetMemChunk
    -------------------------------------------------------------------------
DATA20_HEAP
  Relative segment, address: 5636, align: 1
  Segment part 7.

    -------------------------------------------------------------------------
  LIBRARY MODULE, NAME : ?xmbcurmax

  SEGMENTS IN THE MODULE
  ======================
<CODE> 1 (was CODE)
  Relative segment, address: B126 - B12F (0xa bytes), align: 1
  Segment part 2.
           ENTRY                   ADDRESS         REF BY
           =====                   =======         ======
           __iar_Mbcurmax          B126            _PutstrSmall (?xprintfsmall)
               calls direct

    -------------------------------------------------------------------------
  LIBRARY MODULE, NAME : ?xmbtowc

  SEGMENTS IN THE MODULE
  ======================
<CODE> 1 (was CODE)
  Relative segment, address: AAB8 - AADF (0x28 bytes), align: 1
  Segment part 2.
           ENTRY                   ADDRESS         REF BY
           =====                   =======         ======
           _Mbtowc                 AAB8            _PrintfSmall (?xprintfsmall)
               calls direct

    -------------------------------------------------------------------------
  LIBRARY MODULE, NAME : ?xprintfsmall

  SEGMENTS IN THE MODULE
  ======================
<CODE> 1 (was CODE)
  Relative segment, address: 6586 - 69D9 (0x454 bytes), align: 1
  Segment part 6.
           ENTRY                   ADDRESS         REF BY
           =====                   =======         ======
           _PrintfSmall            6586            printf (?printf)
                                                   sprintf (?sprintf)
               calls direct
    -------------------------------------------------------------------------
<CODE> 1 (was CODE)
  Relative segment, address: B0E0 - B0EB (0xc bytes), align: 1
  Segment part 7.             Intra module refs:   _PrintfSmall
    -------------------------------------------------------------------------
<CODE> 1 (was CODE)
  Relative segment, address: 69DA - 69DF (0x6 bytes), align: 1
  Segment part 8.             Intra module refs:   _PrintfSmall
    -------------------------------------------------------------------------
<CODE> 1 (was CODE)
  Relative segment, address: 69E0 - 69E5 (0x6 bytes), align: 1
  Segment part 9.             Intra module refs:   Segment part 8
                                                   _PrintfSmall
    -------------------------------------------------------------------------
<CODE> 1 (was CODE)
  Relative segment, address: 69E6 - 69ED (0x8 bytes), align: 1
  Segment part 10.            Intra module refs:   Segment part 20
                                                   Segment part 8
                                                   Segment part 9
    -------------------------------------------------------------------------
<CODE> 1 (was CODE)
  Relative segment, address: 69EE - 69F3 (0x6 bytes), align: 1
  Segment part 11.            Intra module refs:   _PrintfSmall
    -------------------------------------------------------------------------
<CODE> 1 (was CODE)
  Relative segment, address: 69F4 - 69FB (0x8 bytes), align: 1
  Segment part 12.            Intra module refs:   Segment part 11
                                                   Segment part 18
    -------------------------------------------------------------------------
<CODE> 1 (was CODE)
  Relative segment, address: 69FC - 6A5F (0x64 bytes), align: 1
  Segment part 13.            Intra module refs:   _PrintfSmall
           LOCAL                   ADDRESS         
           =====                   =======         
           LoadInt                 69FC 
    -------------------------------------------------------------------------
<CODE> 1 (was CODE)
  Relative segment, address: 6A60 - 6A71 (0x12 bytes), align: 1
  Segment part 14.            Intra module refs:   LoadInt
    -------------------------------------------------------------------------
<CODE> 1 (was CODE)
  Relative segment, address: 6A72 - 6AA1 (0x30 bytes), align: 1
  Segment part 15.            Intra module refs:   Segment part 10
           LOCAL                   ADDRESS         
           =====                   =======         
           pad                     6A72 
               calls direct
    -------------------------------------------------------------------------
<CODE> 1 (was CODE)
  Relative segment, address: 6AA2 - 6C7B (0x1da bytes), align: 1
  Segment part 16.            Intra module refs:   _PrintfSmall
           LOCAL                   ADDRESS         
           =====                   =======         
           _PutstrSmall            6AA2 
               calls direct
    -------------------------------------------------------------------------
<CODE> 1 (was CODE)
  Relative segment, address: 6C7C - 6C83 (0x8 bytes), align: 1
  Segment part 17.            Intra module refs:   _PutstrSmall
    -------------------------------------------------------------------------
<CODE> 1 (was CODE)
  Relative segment, address: 6C84 - 6C8B (0x8 bytes), align: 1
  Segment part 18.            Intra module refs:   Segment part 17
                                                   _PutstrSmall
    -------------------------------------------------------------------------
<CODE> 1 (was CODE)
  Relative segment, address: 6C8C - 6C93 (0x8 bytes), align: 1
  Segment part 19.            Intra module refs:   _PutstrSmall
    -------------------------------------------------------------------------
<CODE> 1 (was CODE)
  Relative segment, address: 6C94 - 6C9B (0x8 bytes), align: 1
  Segment part 20.            Intra module refs:   Segment part 19
                                                   _PutstrSmall
    -------------------------------------------------------------------------
<CODE> 1 (was CODE)
  Relative segment, address: 7162 - 72B7 (0x156 bytes), align: 1
  Segment part 5.             Intra module refs:   _PrintfSmall
           LOCAL                   ADDRESS         
           =====                   =======         
           _LitobSmall             7162 
               calls direct
    -------------------------------------------------------------------------
<CODE> 1 (was CODE)
  Relative segment, address: A8D4 - A903 (0x30 bytes), align: 1
  Segment part 21.            Intra module refs:   Segment part 12
                                                   pad
           LOCAL                   ADDRESS         
           =====                   =======         
           _PutcharsSmall          A8D4 
               calls indirect
    -------------------------------------------------------------------------
DATA20_C
  Relative segment, address: BAB0 - BAB5 (0x6 bytes), align: 0
  Segment part 3.             Intra module refs:   _PrintfSmall

    -------------------------------------------------------------------------
  LIBRARY MODULE, NAME : ?xprout

  SEGMENTS IN THE MODULE
  ======================
<CODE> 1 (was CODE)
  Relative segment, address: AE2A - AE41 (0x18 bytes), align: 1
  Segment part 2.
           ENTRY                   ADDRESS         REF BY
           =====                   =======         ======
           _Prout                  AE2A            printf (?printf)
               calls direct

    -------------------------------------------------------------------------
  LIBRARY MODULE, NAME : ?xsprout

  SEGMENTS IN THE MODULE
  ======================
<CODE> 1 (was CODE)
  Relative segment, address: B04A - B057 (0xe bytes), align: 1
  Segment part 2.
           ENTRY                   ADDRESS         REF BY
           =====                   =======         ======
           _SProut                 B04A            sprintf (?sprintf)

    -------------------------------------------------------------------------
  LIBRARY MODULE, NAME : ?xwctomb

  SEGMENTS IN THE MODULE
  ======================
<CODE> 1 (was CODE)
  Relative segment, address: ADAC - ADC5 (0x1a bytes), align: 1
  Segment part 2.
           ENTRY                   ADDRESS         REF BY
           =====                   =======         ======
           _Wctomb                 ADAC            _PutstrSmall (?xprintfsmall)
               calls direct

    -------------------------------------------------------------------------
  LIBRARY MODULE, NAME : ?xxmemxfree

  SEGMENTS IN THE MODULE
  ======================
<CODE> 1 (was CODE)
  Relative segment, address: 7F84 - 8045 (0xc2 bytes), align: 1
  Segment part 3.
           ENTRY                   ADDRESS         REF BY
           =====                   =======         ======
           __data20_free           7F84            _PutstrSmall (?xprintfsmall)
                                                   __data20_findmem (?xxmemxmalloc)

    -------------------------------------------------------------------------
  LIBRARY MODULE, NAME : ?xxmemxmalloc

  SEGMENTS IN THE MODULE
  ======================
DATA20_Z
  Relative segment, address: 1E34 - 1E3B (0x8 bytes), align: 1
  Segment part 3.             Intra module refs:   __data20_findmem
                                                   __data20_malloc
           ENTRY                   ADDRESS         REF BY
           =====                   =======         ======
           __data20_Aldata         1E34            __data20_free (?xxmemxfree)
    -------------------------------------------------------------------------
<CODE> 1 (was CODE)
  Relative segment, address: 9038 - 90BD (0x86 bytes), align: 1
  Segment part 5.             Intra module refs:   __data20_malloc
           LOCAL                   ADDRESS         
           =====                   =======         
           __data20_findmem        9038 
               calls direct
    -------------------------------------------------------------------------
<CODE> 1 (was CODE)
  Relative segment, address: 8542 - 85ED (0xac bytes), align: 1
  Segment part 7.
           ENTRY                   ADDRESS         REF BY
           =====                   =======         ======
           __data20_malloc         8542            _PutstrSmall (?xprintfsmall)
               calls direct




                ****************************************
                *                                      *
                *      SEGMENTS IN ADDRESS ORDER       *
                *                                      *
                ****************************************


SEGMENT              SPACE    START ADDRESS   END ADDRESS     SIZE  TYPE  ALIGN
=======              =====    =============   ===========     ====  ====  =====
DATA16_AN                              0100 - 0103               4   rel    0
                                       0120 - 0121               2 
                                       0124 - 0127               4 
                                       012C - 012F               4 
                                       015C - 015D               2 
                                       0160 - 0165               6 
                                       0168 - 016F               8 
                                       0200 - 0207               8 
                                       020A - 020B               2 
                                       0218 - 021D               6 
                                       0220 - 0225               6 
                                       022A - 022B               2 
                                       0242 - 0245               4 
                                       024A - 024B               2 
                                       0260 - 0265               6 
                                       026A - 026B               2 
                                       0280 - 0285               6 
                                       028A - 028B               2 
                                       02A2 - 02A5               4 
                                       02AA - 02AB               2 
                                       0322 - 0325               4 
                                       0340 - 0343               4 
                                       0348 - 0349               2 
                                       0352 - 0353               2 
                                       0358 - 0359               2 
                                       0380 - 0383               4 
                                       0390 - 0393               4 
                                       03C0 - 03C1               2 
                                       03C4 - 03C7               4 
                                       03D4 - 03D7               4 
                                       03EE - 03EF               2 
                                       05C0 - 05C1               2 
                                       05C6 - 05C8               3 
                                       05CC - 05CC               1 
                                       05CE - 05CE               1 
                                       05DC - 05DD               2 
                                       0600 - 0601               2 
                                       0606 - 0608               3 
                                       060A - 060A               1 
                                       060C - 060C               1 
                                       060E - 060E               1 
                                       061C - 061D               2 
                                       0640 - 0641               2 
                                       0646 - 0648               3 
                                       064C - 064C               1 
                                       064E - 064E               1 
                                       065C - 065D               2 
                                       0660 - 0661               2 
                                       0666 - 0667               2 
                                       066A - 066A               1 
                                       066C - 066C               1 
                                       066E - 066E               1 
                                       067C - 067D               2 
                                       0680 - 0681               2 
                                       0686 - 0688               3 
                                       068C - 068C               1 
                                       068E - 068E               1 
                                       069C - 069D               2 
                                       0700 - 0703               4 
                                       0710 - 073F              30 
CODE_I                                    1C00                       rel    1
DATA20_I                               1C00 - 1C4F              50   rel    1
DATA20_Z                               1C50 - 5635            39E6   rel    1
DATA20_N                                  5636                       rel    1
DATA20_HEAP                            5636 - 5685              50   rel    1
CSTACK                                 5A00 - 5BFF             200   rel    1
CSTART                                 5C00 - 5C37              38   rel    1
ISR_CODE                               5C38 - 6585             94E   rel    1
<CODE> 1                               6586 - B1D7            4C52   rel    1
DATA20_C                               B1D8 - BAB5             8DE   rel    1
DATA20_ID                              BAB6 - BB05              50   rel    1
CODE_ID                                   BB06                       rel    1
INTVEC                                 FF80 - FFF7              78   com    1
RESET                                  FFFE - FFFF               2   rel    1

                ****************************************
                *                                      *
                *        END OF CROSS REFERENCE        *
                *                                      *
                ****************************************

 22 098 bytes of CODE  memory
 15 494 bytes of DATA  memory (+ 214 absolute )
  2 350 bytes of CONST memory

Errors: none
Warnings: none

